<?xml version="1.0"?>
<link_info>
   <banner>TI ARM Linker PC v5.0.4</banner>
   <copyright>Copyright (c) 1996-2013 Texas Instruments Incorporated</copyright>
   <link_time>0x549af8d0</link_time>
   <output_file>DC_Motor.out</output_file>
   <entry_point>
      <name>_c_int00</name>
      <address>0x3b1</address>
   </entry_point>
   <input_file_list>
      <input_file id="fl-2">
         <path>.\</path>
         <kind>object</kind>
         <file>main.obj</file>
         <name>main.obj</name>
      </input_file>
      <input_file id="fl-130">
         <path>C:\ti\ccsv5\tools\compiler\arm_5.0.4\lib\</path>
         <kind>archive</kind>
         <file>rtsv7M4_T_le_v4SPD16_eabi.lib</file>
         <name>boot.obj</name>
      </input_file>
      <input_file id="fl-131">
         <path>C:\ti\ccsv5\tools\compiler\arm_5.0.4\lib\</path>
         <kind>archive</kind>
         <file>rtsv7M4_T_le_v4SPD16_eabi.lib</file>
         <name>copy_decompress_none.obj</name>
      </input_file>
      <input_file id="fl-132">
         <path>C:\ti\ccsv5\tools\compiler\arm_5.0.4\lib\</path>
         <kind>archive</kind>
         <file>rtsv7M4_T_le_v4SPD16_eabi.lib</file>
         <name>copy_decompress_rle.obj</name>
      </input_file>
      <input_file id="fl-133">
         <path>C:\ti\ccsv5\tools\compiler\arm_5.0.4\lib\</path>
         <kind>archive</kind>
         <file>rtsv7M4_T_le_v4SPD16_eabi.lib</file>
         <name>copy_zero_init.obj</name>
      </input_file>
      <input_file id="fl-134">
         <path>C:\ti\ccsv5\tools\compiler\arm_5.0.4\lib\</path>
         <kind>archive</kind>
         <file>rtsv7M4_T_le_v4SPD16_eabi.lib</file>
         <name>exit.obj</name>
      </input_file>
      <input_file id="fl-135">
         <path>C:\ti\ccsv5\tools\compiler\arm_5.0.4\lib\</path>
         <kind>archive</kind>
         <file>rtsv7M4_T_le_v4SPD16_eabi.lib</file>
         <name>memcpy_t2.obj</name>
      </input_file>
      <input_file id="fl-136">
         <path>C:\ti\ccsv5\tools\compiler\arm_5.0.4\lib\</path>
         <kind>archive</kind>
         <file>rtsv7M4_T_le_v4SPD16_eabi.lib</file>
         <name>stkdepth_vars.obj</name>
      </input_file>
      <input_file id="fl-137">
         <path>C:\ti\ccsv5\tools\compiler\arm_5.0.4\lib\</path>
         <kind>archive</kind>
         <file>rtsv7M4_T_le_v4SPD16_eabi.lib</file>
         <name>_lock.obj</name>
      </input_file>
      <input_file id="fl-138">
         <path>C:\ti\ccsv5\tools\compiler\arm_5.0.4\lib\</path>
         <kind>archive</kind>
         <file>rtsv7M4_T_le_v4SPD16_eabi.lib</file>
         <name>args_main.obj</name>
      </input_file>
      <input_file id="fl-139">
         <path>C:\ti\ccsv5\tools\compiler\arm_5.0.4\lib\</path>
         <kind>archive</kind>
         <file>rtsv7M4_T_le_v4SPD16_eabi.lib</file>
         <name>auto_init.obj</name>
      </input_file>
      <input_file id="fl-13a">
         <path>C:\ti\ccsv5\tools\compiler\arm_5.0.4\lib\</path>
         <kind>archive</kind>
         <file>rtsv7M4_T_le_v4SPD16_eabi.lib</file>
         <name>cpy_tbl.obj</name>
      </input_file>
      <input_file id="fl-13b">
         <path>..\</path>
         <kind>archive</kind>
         <file>driverlib.lib</file>
         <name>sysctl.obj</name>
      </input_file>
      <input_file id="fl-13c">
         <path>..\</path>
         <kind>archive</kind>
         <file>driverlib.lib</file>
         <name>interrupt.obj</name>
      </input_file>
      <input_file id="fl-13d">
         <path>..\</path>
         <kind>archive</kind>
         <file>driverlib.lib</file>
         <name>gpio.obj</name>
      </input_file>
      <input_file id="fl-13e">
         <path>..\</path>
         <kind>archive</kind>
         <file>driverlib.lib</file>
         <name>cpu.obj</name>
      </input_file>
   </input_file_list>
   <object_component_list>
      <object_component id="oc-b9">
         <name>.text:GPIOPadConfigSet</name>
         <load_address>0x0</load_address>
         <run_address>0x0</run_address>
         <size>0x130</size>
         <input_file_ref idref="fl-13d"/>
      </object_component>
      <object_component id="oc-81">
         <name>.text:SysCtlClockSet</name>
         <load_address>0x130</load_address>
         <run_address>0x130</run_address>
         <size>0xf0</size>
         <input_file_ref idref="fl-13b"/>
      </object_component>
      <object_component id="oc-2e">
         <name>.text</name>
         <load_address>0x220</load_address>
         <run_address>0x220</run_address>
         <size>0x9c</size>
         <input_file_ref idref="fl-135"/>
      </object_component>
      <object_component id="oc-1f">
         <name>.text</name>
         <load_address>0x2bc</load_address>
         <run_address>0x2bc</run_address>
         <size>0x94</size>
         <input_file_ref idref="fl-139"/>
      </object_component>
      <object_component id="oc-3e">
         <name>.text</name>
         <load_address>0x350</load_address>
         <run_address>0x350</run_address>
         <size>0x5e</size>
         <input_file_ref idref="fl-132"/>
      </object_component>
      <object_component id="oc-e">
         <name>.text</name>
         <load_address>0x3b0</load_address>
         <run_address>0x3b0</run_address>
         <size>0x48</size>
         <input_file_ref idref="fl-130"/>
      </object_component>
      <object_component id="oc-49">
         <name>.text</name>
         <load_address>0x3f8</load_address>
         <run_address>0x3f8</run_address>
         <size>0x44</size>
         <input_file_ref idref="fl-13a"/>
      </object_component>
      <object_component id="oc-27">
         <name>.text</name>
         <load_address>0x43c</load_address>
         <run_address>0x43c</run_address>
         <size>0x40</size>
         <input_file_ref idref="fl-134"/>
      </object_component>
      <object_component id="oc-86">
         <name>.text:SysCtlPeripheralEnable</name>
         <load_address>0x47c</load_address>
         <run_address>0x47c</run_address>
         <size>0x34</size>
         <input_file_ref idref="fl-13b"/>
      </object_component>
      <object_component id="oc-4e">
         <name>.text</name>
         <load_address>0x4b0</load_address>
         <run_address>0x4b0</run_address>
         <size>0x30</size>
         <input_file_ref idref="fl-2"/>
      </object_component>
      <object_component id="oc-be">
         <name>.text:GPIODirModeSet</name>
         <load_address>0x4e0</load_address>
         <run_address>0x4e0</run_address>
         <size>0x2a</size>
         <input_file_ref idref="fl-13d"/>
      </object_component>
      <object_component id="oc-8b">
         <name>.text:GPIOPinTypeGPIOOutput</name>
         <load_address>0x50a</load_address>
         <run_address>0x50a</run_address>
         <size>0x18</size>
         <input_file_ref idref="fl-13d"/>
      </object_component>
      <object_component id="oc-23">
         <name>.text</name>
         <load_address>0x524</load_address>
         <run_address>0x524</run_address>
         <size>0x18</size>
         <input_file_ref idref="fl-138"/>
      </object_component>
      <object_component id="oc-9b">
         <name>.text</name>
         <load_address>0x53c</load_address>
         <run_address>0x53c</run_address>
         <size>0x14</size>
         <input_file_ref idref="fl-137"/>
      </object_component>
      <object_component id="oc-12">
         <name>.text:decompress:none</name>
         <load_address>0x550</load_address>
         <run_address>0x550</run_address>
         <size>0xe</size>
         <input_file_ref idref="fl-131"/>
      </object_component>
      <object_component id="oc-90">
         <name>.text:GPIOPinWrite</name>
         <load_address>0x55e</load_address>
         <run_address>0x55e</run_address>
         <size>0x6</size>
         <input_file_ref idref="fl-13d"/>
      </object_component>
      <object_component id="oc-b0">
         <name>.text:SysCtlDelay</name>
         <load_address>0x564</load_address>
         <run_address>0x564</run_address>
         <size>0x6</size>
         <input_file_ref idref="fl-13b"/>
      </object_component>
      <object_component id="oc-1a">
         <name>.text:decompress:rle24</name>
         <load_address>0x56a</load_address>
         <run_address>0x56a</run_address>
         <size>0x6</size>
         <input_file_ref idref="fl-132"/>
      </object_component>
      <object_component id="oc-f7">
         <name>.cinit..data.load</name>
         <load_address>0x570</load_address>
         <run_address>0x570</run_address>
         <size>0xf</size>
      </object_component>
      <object_component id="oc-f5">
         <name>__TI_handler_table</name>
         <load_address>0x580</load_address>
         <run_address>0x580</run_address>
         <size>0x8</size>
      </object_component>
      <object_component id="oc-f6">
         <name>__TI_cinit_table</name>
         <load_address>0x588</load_address>
         <run_address>0x588</run_address>
         <size>0x8</size>
      </object_component>
      <object_component id="oc-2b">
         <name>.data</name>
         <load_address>0x20000210</load_address>
         <run_address>0x20000210</run_address>
         <size>0x4</size>
         <input_file_ref idref="fl-136"/>
      </object_component>
      <object_component id="oc-59">
         <name>.data</name>
         <load_address>0x20000200</load_address>
         <run_address>0x20000200</run_address>
         <size>0x8</size>
         <input_file_ref idref="fl-137"/>
      </object_component>
      <object_component id="oc-5b">
         <name>.data</name>
         <load_address>0x20000208</load_address>
         <run_address>0x20000208</run_address>
         <size>0x8</size>
         <input_file_ref idref="fl-134"/>
      </object_component>
      <object_component id="oc-1e">
         <name>.stack</name>
         <uninitialized>true</uninitialized>
         <run_address>0x20000000</run_address>
         <size>0x0</size>
         <input_file_ref idref="fl-130"/>
      </object_component>
      <object_component id="oc-f8">
         <name>.stack</name>
         <uninitialized>true</uninitialized>
         <run_address>0x20000000</run_address>
         <size>0x0</size>
      </object_component>
      <object_component id="oc-f">
         <name>.debug_info</name>
         <load_address>0x0</load_address>
         <run_address>0x0</run_address>
         <size>0xf4</size>
         <input_file_ref idref="fl-130"/>
      </object_component>
      <object_component id="oc-13">
         <name>.debug_info</name>
         <load_address>0xf4</load_address>
         <run_address>0xf4</run_address>
         <size>0x159</size>
         <input_file_ref idref="fl-131"/>
      </object_component>
      <object_component id="oc-1b">
         <name>.debug_info</name>
         <load_address>0x24d</load_address>
         <run_address>0x24d</run_address>
         <size>0x16a</size>
         <input_file_ref idref="fl-132"/>
      </object_component>
      <object_component id="oc-20">
         <name>.debug_info</name>
         <load_address>0x3b7</load_address>
         <run_address>0x3b7</run_address>
         <size>0x13f</size>
         <input_file_ref idref="fl-139"/>
      </object_component>
      <object_component id="oc-24">
         <name>.debug_info</name>
         <load_address>0x4f6</load_address>
         <run_address>0x4f6</run_address>
         <size>0xfe</size>
         <input_file_ref idref="fl-138"/>
      </object_component>
      <object_component id="oc-28">
         <name>.debug_info</name>
         <load_address>0x5f4</load_address>
         <run_address>0x5f4</run_address>
         <size>0x205</size>
         <input_file_ref idref="fl-134"/>
      </object_component>
      <object_component id="oc-2c">
         <name>.debug_info</name>
         <load_address>0x7f9</load_address>
         <run_address>0x7f9</run_address>
         <size>0xbe</size>
         <input_file_ref idref="fl-136"/>
      </object_component>
      <object_component id="oc-2f">
         <name>.debug_info</name>
         <load_address>0x8b7</load_address>
         <run_address>0x8b7</run_address>
         <size>0xcd</size>
         <input_file_ref idref="fl-135"/>
      </object_component>
      <object_component id="oc-33">
         <name>.debug_info</name>
         <load_address>0x984</load_address>
         <run_address>0x984</run_address>
         <size>0x46</size>
         <input_file_ref idref="fl-131"/>
      </object_component>
      <object_component id="oc-3f">
         <name>.debug_info</name>
         <load_address>0x9ca</load_address>
         <run_address>0x9ca</run_address>
         <size>0x318</size>
         <input_file_ref idref="fl-132"/>
      </object_component>
      <object_component id="oc-43">
         <name>.debug_info</name>
         <load_address>0xce2</load_address>
         <run_address>0xce2</run_address>
         <size>0xb2</size>
         <input_file_ref idref="fl-132"/>
      </object_component>
      <object_component id="oc-44">
         <name>.debug_info</name>
         <load_address>0xd94</load_address>
         <run_address>0xd94</run_address>
         <size>0x39</size>
         <input_file_ref idref="fl-132"/>
      </object_component>
      <object_component id="oc-4a">
         <name>.debug_info</name>
         <load_address>0xdcd</load_address>
         <run_address>0xdcd</run_address>
         <size>0x191</size>
         <input_file_ref idref="fl-13a"/>
      </object_component>
      <object_component id="oc-4f">
         <name>.debug_info</name>
         <load_address>0xf5e</load_address>
         <run_address>0xf5e</run_address>
         <size>0x1be</size>
         <input_file_ref idref="fl-2"/>
      </object_component>
      <object_component id="oc-54">
         <name>.debug_info</name>
         <load_address>0x111c</load_address>
         <run_address>0x111c</run_address>
         <size>0x90</size>
         <input_file_ref idref="fl-138"/>
      </object_component>
      <object_component id="oc-5a">
         <name>.debug_info</name>
         <load_address>0x11ac</load_address>
         <run_address>0x11ac</run_address>
         <size>0xc8</size>
         <input_file_ref idref="fl-137"/>
      </object_component>
      <object_component id="oc-5c">
         <name>.debug_info</name>
         <load_address>0x1274</load_address>
         <run_address>0x1274</run_address>
         <size>0xdb</size>
         <input_file_ref idref="fl-134"/>
      </object_component>
      <object_component id="oc-5e">
         <name>.debug_info</name>
         <load_address>0x134f</load_address>
         <run_address>0x134f</run_address>
         <size>0x89</size>
         <input_file_ref idref="fl-131"/>
      </object_component>
      <object_component id="oc-65">
         <name>.debug_info</name>
         <load_address>0x13d8</load_address>
         <run_address>0x13d8</run_address>
         <size>0x83</size>
         <input_file_ref idref="fl-136"/>
      </object_component>
      <object_component id="oc-6b">
         <name>.debug_info</name>
         <load_address>0x145b</load_address>
         <run_address>0x145b</run_address>
         <size>0x46</size>
         <input_file_ref idref="fl-131"/>
      </object_component>
      <object_component id="oc-70">
         <name>.debug_info</name>
         <load_address>0x14a1</load_address>
         <run_address>0x14a1</run_address>
         <size>0xe8</size>
         <input_file_ref idref="fl-131"/>
      </object_component>
      <object_component id="oc-71">
         <name>.debug_info</name>
         <load_address>0x1589</load_address>
         <run_address>0x1589</run_address>
         <size>0x2c</size>
         <input_file_ref idref="fl-132"/>
      </object_component>
      <object_component id="oc-78">
         <name>.debug_info</name>
         <load_address>0x15b5</load_address>
         <run_address>0x15b5</run_address>
         <size>0x84</size>
         <input_file_ref idref="fl-132"/>
      </object_component>
      <object_component id="oc-80">
         <name>.debug_info</name>
         <load_address>0x1639</load_address>
         <run_address>0x1639</run_address>
         <size>0x143</size>
         <input_file_ref idref="fl-13a"/>
      </object_component>
      <object_component id="oc-82">
         <name>.debug_info</name>
         <load_address>0x177c</load_address>
         <run_address>0x177c</run_address>
         <size>0x363</size>
         <input_file_ref idref="fl-13b"/>
      </object_component>
      <object_component id="oc-87">
         <name>.debug_info</name>
         <load_address>0x1adf</load_address>
         <run_address>0x1adf</run_address>
         <size>0x1e1</size>
         <input_file_ref idref="fl-13b"/>
      </object_component>
      <object_component id="oc-8c">
         <name>.debug_info</name>
         <load_address>0x1cc0</load_address>
         <run_address>0x1cc0</run_address>
         <size>0x1eb</size>
         <input_file_ref idref="fl-13d"/>
      </object_component>
      <object_component id="oc-91">
         <name>.debug_info</name>
         <load_address>0x1eab</load_address>
         <run_address>0x1eab</run_address>
         <size>0x207</size>
         <input_file_ref idref="fl-13d"/>
      </object_component>
      <object_component id="oc-96">
         <name>.debug_info</name>
         <load_address>0x20b2</load_address>
         <run_address>0x20b2</run_address>
         <size>0x90</size>
         <input_file_ref idref="fl-2"/>
      </object_component>
      <object_component id="oc-9c">
         <name>.debug_info</name>
         <load_address>0x2142</load_address>
         <run_address>0x2142</run_address>
         <size>0x1ba</size>
         <input_file_ref idref="fl-137"/>
      </object_component>
      <object_component id="oc-a1">
         <name>.debug_info</name>
         <load_address>0x22fc</load_address>
         <run_address>0x22fc</run_address>
         <size>0xd4</size>
         <input_file_ref idref="fl-137"/>
      </object_component>
      <object_component id="oc-a4">
         <name>.debug_info</name>
         <load_address>0x23d0</load_address>
         <run_address>0x23d0</run_address>
         <size>0x131</size>
         <input_file_ref idref="fl-134"/>
      </object_component>
      <object_component id="oc-ab">
         <name>.debug_info</name>
         <load_address>0x2501</load_address>
         <run_address>0x2501</run_address>
         <size>0xcd</size>
         <input_file_ref idref="fl-13a"/>
      </object_component>
      <object_component id="oc-b2">
         <name>.debug_info</name>
         <load_address>0x25ce</load_address>
         <run_address>0x25ce</run_address>
         <size>0x18b</size>
         <input_file_ref idref="fl-13b"/>
      </object_component>
      <object_component id="oc-b7">
         <name>.debug_info</name>
         <load_address>0x2759</load_address>
         <run_address>0x2759</run_address>
         <size>0x226</size>
         <input_file_ref idref="fl-13b"/>
      </object_component>
      <object_component id="oc-ba">
         <name>.debug_info</name>
         <load_address>0x297f</load_address>
         <run_address>0x297f</run_address>
         <size>0x312</size>
         <input_file_ref idref="fl-13d"/>
      </object_component>
      <object_component id="oc-bf">
         <name>.debug_info</name>
         <load_address>0x2c91</load_address>
         <run_address>0x2c91</run_address>
         <size>0x217</size>
         <input_file_ref idref="fl-13d"/>
      </object_component>
      <object_component id="oc-c5">
         <name>.debug_info</name>
         <load_address>0x2ea8</load_address>
         <run_address>0x2ea8</run_address>
         <size>0x1d7</size>
         <input_file_ref idref="fl-13d"/>
      </object_component>
      <object_component id="oc-cb">
         <name>.debug_info</name>
         <load_address>0x307f</load_address>
         <run_address>0x307f</run_address>
         <size>0x90</size>
         <input_file_ref idref="fl-13b"/>
      </object_component>
      <object_component id="oc-d2">
         <name>.debug_info</name>
         <load_address>0x310f</load_address>
         <run_address>0x310f</run_address>
         <size>0x5f</size>
         <input_file_ref idref="fl-13b"/>
      </object_component>
      <object_component id="oc-f9">
         <name>.debug_info</name>
         <load_address>0x316e</load_address>
         <run_address>0x316e</run_address>
         <size>0xb2</size>
      </object_component>
      <object_component id="oc-10">
         <name>.debug_line</name>
         <load_address>0x0</load_address>
         <run_address>0x0</run_address>
         <size>0x4f</size>
         <input_file_ref idref="fl-130"/>
      </object_component>
      <object_component id="oc-14">
         <name>.debug_line</name>
         <load_address>0x4f</load_address>
         <run_address>0x4f</run_address>
         <size>0x4d</size>
         <input_file_ref idref="fl-131"/>
      </object_component>
      <object_component id="oc-1c">
         <name>.debug_line</name>
         <load_address>0x9c</load_address>
         <run_address>0x9c</run_address>
         <size>0x4c</size>
         <input_file_ref idref="fl-132"/>
      </object_component>
      <object_component id="oc-21">
         <name>.debug_line</name>
         <load_address>0xe8</load_address>
         <run_address>0xe8</run_address>
         <size>0x87</size>
         <input_file_ref idref="fl-139"/>
      </object_component>
      <object_component id="oc-25">
         <name>.debug_line</name>
         <load_address>0x16f</load_address>
         <run_address>0x16f</run_address>
         <size>0x42</size>
         <input_file_ref idref="fl-138"/>
      </object_component>
      <object_component id="oc-29">
         <name>.debug_line</name>
         <load_address>0x1b1</load_address>
         <run_address>0x1b1</run_address>
         <size>0x71</size>
         <input_file_ref idref="fl-134"/>
      </object_component>
      <object_component id="oc-30">
         <name>.debug_line</name>
         <load_address>0x222</load_address>
         <run_address>0x222</run_address>
         <size>0x88</size>
         <input_file_ref idref="fl-135"/>
      </object_component>
      <object_component id="oc-35">
         <name>.debug_line</name>
         <load_address>0x2aa</load_address>
         <run_address>0x2aa</run_address>
         <size>0x3a</size>
         <input_file_ref idref="fl-131"/>
      </object_component>
      <object_component id="oc-40">
         <name>.debug_line</name>
         <load_address>0x2e4</load_address>
         <run_address>0x2e4</run_address>
         <size>0x58</size>
         <input_file_ref idref="fl-132"/>
      </object_component>
      <object_component id="oc-46">
         <name>.debug_line</name>
         <load_address>0x33c</load_address>
         <run_address>0x33c</run_address>
         <size>0x39</size>
         <input_file_ref idref="fl-132"/>
      </object_component>
      <object_component id="oc-4b">
         <name>.debug_line</name>
         <load_address>0x375</load_address>
         <run_address>0x375</run_address>
         <size>0x43</size>
         <input_file_ref idref="fl-13a"/>
      </object_component>
      <object_component id="oc-50">
         <name>.debug_line</name>
         <load_address>0x3b8</load_address>
         <run_address>0x3b8</run_address>
         <size>0x45</size>
         <input_file_ref idref="fl-2"/>
      </object_component>
      <object_component id="oc-56">
         <name>.debug_line</name>
         <load_address>0x3fd</load_address>
         <run_address>0x3fd</run_address>
         <size>0x20</size>
         <input_file_ref idref="fl-138"/>
      </object_component>
      <object_component id="oc-60">
         <name>.debug_line</name>
         <load_address>0x41d</load_address>
         <run_address>0x41d</run_address>
         <size>0x20</size>
         <input_file_ref idref="fl-131"/>
      </object_component>
      <object_component id="oc-64">
         <name>.debug_line</name>
         <load_address>0x43d</load_address>
         <run_address>0x43d</run_address>
         <size>0x33</size>
         <input_file_ref idref="fl-136"/>
      </object_component>
      <object_component id="oc-67">
         <name>.debug_line</name>
         <load_address>0x470</load_address>
         <run_address>0x470</run_address>
         <size>0x20</size>
         <input_file_ref idref="fl-136"/>
      </object_component>
      <object_component id="oc-6d">
         <name>.debug_line</name>
         <load_address>0x490</load_address>
         <run_address>0x490</run_address>
         <size>0x44</size>
         <input_file_ref idref="fl-131"/>
      </object_component>
      <object_component id="oc-73">
         <name>.debug_line</name>
         <load_address>0x4d4</load_address>
         <run_address>0x4d4</run_address>
         <size>0x44</size>
         <input_file_ref idref="fl-132"/>
      </object_component>
      <object_component id="oc-7a">
         <name>.debug_line</name>
         <load_address>0x518</load_address>
         <run_address>0x518</run_address>
         <size>0x20</size>
         <input_file_ref idref="fl-132"/>
      </object_component>
      <object_component id="oc-7e">
         <name>.debug_line</name>
         <load_address>0x538</load_address>
         <run_address>0x538</run_address>
         <size>0x20</size>
         <input_file_ref idref="fl-132"/>
      </object_component>
      <object_component id="oc-83">
         <name>.debug_line</name>
         <load_address>0x558</load_address>
         <run_address>0x558</run_address>
         <size>0xb9</size>
         <input_file_ref idref="fl-13b"/>
      </object_component>
      <object_component id="oc-88">
         <name>.debug_line</name>
         <load_address>0x611</load_address>
         <run_address>0x611</run_address>
         <size>0x6d</size>
         <input_file_ref idref="fl-13b"/>
      </object_component>
      <object_component id="oc-8d">
         <name>.debug_line</name>
         <load_address>0x67e</load_address>
         <run_address>0x67e</run_address>
         <size>0x72</size>
         <input_file_ref idref="fl-13d"/>
      </object_component>
      <object_component id="oc-92">
         <name>.debug_line</name>
         <load_address>0x6f0</load_address>
         <run_address>0x6f0</run_address>
         <size>0x6b</size>
         <input_file_ref idref="fl-13d"/>
      </object_component>
      <object_component id="oc-98">
         <name>.debug_line</name>
         <load_address>0x75b</load_address>
         <run_address>0x75b</run_address>
         <size>0x20</size>
         <input_file_ref idref="fl-2"/>
      </object_component>
      <object_component id="oc-9d">
         <name>.debug_line</name>
         <load_address>0x77b</load_address>
         <run_address>0x77b</run_address>
         <size>0x60</size>
         <input_file_ref idref="fl-137"/>
      </object_component>
      <object_component id="oc-a0">
         <name>.debug_line</name>
         <load_address>0x7db</load_address>
         <run_address>0x7db</run_address>
         <size>0x2b</size>
         <input_file_ref idref="fl-137"/>
      </object_component>
      <object_component id="oc-a3">
         <name>.debug_line</name>
         <load_address>0x806</load_address>
         <run_address>0x806</run_address>
         <size>0x2a</size>
         <input_file_ref idref="fl-134"/>
      </object_component>
      <object_component id="oc-a6">
         <name>.debug_line</name>
         <load_address>0x830</load_address>
         <run_address>0x830</run_address>
         <size>0x20</size>
         <input_file_ref idref="fl-131"/>
      </object_component>
      <object_component id="oc-aa">
         <name>.debug_line</name>
         <load_address>0x850</load_address>
         <run_address>0x850</run_address>
         <size>0x51</size>
         <input_file_ref idref="fl-13a"/>
      </object_component>
      <object_component id="oc-ad">
         <name>.debug_line</name>
         <load_address>0x8a1</load_address>
         <run_address>0x8a1</run_address>
         <size>0x45</size>
         <input_file_ref idref="fl-13a"/>
      </object_component>
      <object_component id="oc-b4">
         <name>.debug_line</name>
         <load_address>0x8e6</load_address>
         <run_address>0x8e6</run_address>
         <size>0x5e</size>
         <input_file_ref idref="fl-13b"/>
      </object_component>
      <object_component id="oc-bb">
         <name>.debug_line</name>
         <load_address>0x944</load_address>
         <run_address>0x944</run_address>
         <size>0xaf</size>
         <input_file_ref idref="fl-13d"/>
      </object_component>
      <object_component id="oc-c0">
         <name>.debug_line</name>
         <load_address>0x9f3</load_address>
         <run_address>0x9f3</run_address>
         <size>0x6e</size>
         <input_file_ref idref="fl-13d"/>
      </object_component>
      <object_component id="oc-c8">
         <name>.debug_line</name>
         <load_address>0xa61</load_address>
         <run_address>0xa61</run_address>
         <size>0x20</size>
         <input_file_ref idref="fl-137"/>
      </object_component>
      <object_component id="oc-ca">
         <name>.debug_line</name>
         <load_address>0xa81</load_address>
         <run_address>0xa81</run_address>
         <size>0x43</size>
         <input_file_ref idref="fl-134"/>
      </object_component>
      <object_component id="oc-cd">
         <name>.debug_line</name>
         <load_address>0xac4</load_address>
         <run_address>0xac4</run_address>
         <size>0x20</size>
         <input_file_ref idref="fl-13b"/>
      </object_component>
      <object_component id="oc-d1">
         <name>.debug_line</name>
         <load_address>0xae4</load_address>
         <run_address>0xae4</run_address>
         <size>0xc8</size>
         <input_file_ref idref="fl-13b"/>
      </object_component>
      <object_component id="oc-d4">
         <name>.debug_line</name>
         <load_address>0xbac</load_address>
         <run_address>0xbac</run_address>
         <size>0x58</size>
         <input_file_ref idref="fl-13b"/>
      </object_component>
      <object_component id="oc-da">
         <name>.debug_line</name>
         <load_address>0xc04</load_address>
         <run_address>0xc04</run_address>
         <size>0x5b</size>
         <input_file_ref idref="fl-13d"/>
      </object_component>
      <object_component id="oc-11">
         <name>.debug_aranges</name>
         <load_address>0x0</load_address>
         <run_address>0x0</run_address>
         <size>0x20</size>
         <input_file_ref idref="fl-130"/>
      </object_component>
      <object_component id="oc-15">
         <name>.debug_aranges</name>
         <load_address>0x20</load_address>
         <run_address>0x20</run_address>
         <size>0x20</size>
         <input_file_ref idref="fl-131"/>
      </object_component>
      <object_component id="oc-1d">
         <name>.debug_aranges</name>
         <load_address>0x40</load_address>
         <run_address>0x40</run_address>
         <size>0x20</size>
         <input_file_ref idref="fl-132"/>
      </object_component>
      <object_component id="oc-22">
         <name>.debug_aranges</name>
         <load_address>0x60</load_address>
         <run_address>0x60</run_address>
         <size>0x28</size>
         <input_file_ref idref="fl-139"/>
      </object_component>
      <object_component id="oc-26">
         <name>.debug_aranges</name>
         <load_address>0x88</load_address>
         <run_address>0x88</run_address>
         <size>0x20</size>
         <input_file_ref idref="fl-138"/>
      </object_component>
      <object_component id="oc-2a">
         <name>.debug_aranges</name>
         <load_address>0xa8</load_address>
         <run_address>0xa8</run_address>
         <size>0x30</size>
         <input_file_ref idref="fl-134"/>
      </object_component>
      <object_component id="oc-31">
         <name>.debug_aranges</name>
         <load_address>0xd8</load_address>
         <run_address>0xd8</run_address>
         <size>0x20</size>
         <input_file_ref idref="fl-135"/>
      </object_component>
      <object_component id="oc-41">
         <name>.debug_aranges</name>
         <load_address>0xf8</load_address>
         <run_address>0xf8</run_address>
         <size>0x20</size>
         <input_file_ref idref="fl-132"/>
      </object_component>
      <object_component id="oc-4c">
         <name>.debug_aranges</name>
         <load_address>0x118</load_address>
         <run_address>0x118</run_address>
         <size>0x20</size>
         <input_file_ref idref="fl-13a"/>
      </object_component>
      <object_component id="oc-52">
         <name>.debug_aranges</name>
         <load_address>0x138</load_address>
         <run_address>0x138</run_address>
         <size>0x20</size>
         <input_file_ref idref="fl-2"/>
      </object_component>
      <object_component id="oc-85">
         <name>.debug_aranges</name>
         <load_address>0x158</load_address>
         <run_address>0x158</run_address>
         <size>0x20</size>
         <input_file_ref idref="fl-13b"/>
      </object_component>
      <object_component id="oc-8a">
         <name>.debug_aranges</name>
         <load_address>0x178</load_address>
         <run_address>0x178</run_address>
         <size>0x20</size>
         <input_file_ref idref="fl-13b"/>
      </object_component>
      <object_component id="oc-8f">
         <name>.debug_aranges</name>
         <load_address>0x198</load_address>
         <run_address>0x198</run_address>
         <size>0x20</size>
         <input_file_ref idref="fl-13d"/>
      </object_component>
      <object_component id="oc-94">
         <name>.debug_aranges</name>
         <load_address>0x1b8</load_address>
         <run_address>0x1b8</run_address>
         <size>0x20</size>
         <input_file_ref idref="fl-13d"/>
      </object_component>
      <object_component id="oc-9e">
         <name>.debug_aranges</name>
         <load_address>0x1d8</load_address>
         <run_address>0x1d8</run_address>
         <size>0x30</size>
         <input_file_ref idref="fl-137"/>
      </object_component>
      <object_component id="oc-bd">
         <name>.debug_aranges</name>
         <load_address>0x208</load_address>
         <run_address>0x208</run_address>
         <size>0x20</size>
         <input_file_ref idref="fl-13d"/>
      </object_component>
      <object_component id="oc-c2">
         <name>.debug_aranges</name>
         <load_address>0x228</load_address>
         <run_address>0x228</run_address>
         <size>0x20</size>
         <input_file_ref idref="fl-13d"/>
      </object_component>
      <object_component id="oc-2d">
         <name>.debug_abbrev</name>
         <load_address>0x0</load_address>
         <run_address>0x0</run_address>
         <size>0x40</size>
         <input_file_ref idref="fl-130"/>
      </object_component>
      <object_component id="oc-32">
         <name>.debug_abbrev</name>
         <load_address>0x40</load_address>
         <run_address>0x40</run_address>
         <size>0x6b</size>
         <input_file_ref idref="fl-131"/>
      </object_component>
      <object_component id="oc-34">
         <name>.debug_abbrev</name>
         <load_address>0xab</load_address>
         <run_address>0xab</run_address>
         <size>0x24</size>
         <input_file_ref idref="fl-131"/>
      </object_component>
      <object_component id="oc-42">
         <name>.debug_abbrev</name>
         <load_address>0xcf</load_address>
         <run_address>0xcf</run_address>
         <size>0x6b</size>
         <input_file_ref idref="fl-132"/>
      </object_component>
      <object_component id="oc-45">
         <name>.debug_abbrev</name>
         <load_address>0x13a</load_address>
         <run_address>0x13a</run_address>
         <size>0x24</size>
         <input_file_ref idref="fl-132"/>
      </object_component>
      <object_component id="oc-4d">
         <name>.debug_abbrev</name>
         <load_address>0x15e</load_address>
         <run_address>0x15e</run_address>
         <size>0x86</size>
         <input_file_ref idref="fl-139"/>
      </object_component>
      <object_component id="oc-53">
         <name>.debug_abbrev</name>
         <load_address>0x1e4</load_address>
         <run_address>0x1e4</run_address>
         <size>0x5f</size>
         <input_file_ref idref="fl-138"/>
      </object_component>
      <object_component id="oc-55">
         <name>.debug_abbrev</name>
         <load_address>0x243</load_address>
         <run_address>0x243</run_address>
         <size>0x23</size>
         <input_file_ref idref="fl-138"/>
      </object_component>
      <object_component id="oc-5d">
         <name>.debug_abbrev</name>
         <load_address>0x266</load_address>
         <run_address>0x266</run_address>
         <size>0xd5</size>
         <input_file_ref idref="fl-134"/>
      </object_component>
      <object_component id="oc-5f">
         <name>.debug_abbrev</name>
         <load_address>0x33b</load_address>
         <run_address>0x33b</run_address>
         <size>0x23</size>
         <input_file_ref idref="fl-131"/>
      </object_component>
      <object_component id="oc-63">
         <name>.debug_abbrev</name>
         <load_address>0x35e</load_address>
         <run_address>0x35e</run_address>
         <size>0x27</size>
         <input_file_ref idref="fl-136"/>
      </object_component>
      <object_component id="oc-66">
         <name>.debug_abbrev</name>
         <load_address>0x385</load_address>
         <run_address>0x385</run_address>
         <size>0x1a</size>
         <input_file_ref idref="fl-136"/>
      </object_component>
      <object_component id="oc-6a">
         <name>.debug_abbrev</name>
         <load_address>0x39f</load_address>
         <run_address>0x39f</run_address>
         <size>0x40</size>
         <input_file_ref idref="fl-135"/>
      </object_component>
      <object_component id="oc-6c">
         <name>.debug_abbrev</name>
         <load_address>0x3df</load_address>
         <run_address>0x3df</run_address>
         <size>0x24</size>
         <input_file_ref idref="fl-131"/>
      </object_component>
      <object_component id="oc-72">
         <name>.debug_abbrev</name>
         <load_address>0x403</load_address>
         <run_address>0x403</run_address>
         <size>0x24</size>
         <input_file_ref idref="fl-132"/>
      </object_component>
      <object_component id="oc-77">
         <name>.debug_abbrev</name>
         <load_address>0x427</load_address>
         <run_address>0x427</run_address>
         <size>0x83</size>
         <input_file_ref idref="fl-132"/>
      </object_component>
      <object_component id="oc-79">
         <name>.debug_abbrev</name>
         <load_address>0x4aa</load_address>
         <run_address>0x4aa</run_address>
         <size>0x1c</size>
         <input_file_ref idref="fl-132"/>
      </object_component>
      <object_component id="oc-7d">
         <name>.debug_abbrev</name>
         <load_address>0x4c6</load_address>
         <run_address>0x4c6</run_address>
         <size>0x2c</size>
         <input_file_ref idref="fl-132"/>
      </object_component>
      <object_component id="oc-7f">
         <name>.debug_abbrev</name>
         <load_address>0x4f2</load_address>
         <run_address>0x4f2</run_address>
         <size>0xa2</size>
         <input_file_ref idref="fl-13a"/>
      </object_component>
      <object_component id="oc-95">
         <name>.debug_abbrev</name>
         <load_address>0x594</load_address>
         <run_address>0x594</run_address>
         <size>0x73</size>
         <input_file_ref idref="fl-2"/>
      </object_component>
      <object_component id="oc-97">
         <name>.debug_abbrev</name>
         <load_address>0x607</load_address>
         <run_address>0x607</run_address>
         <size>0x23</size>
         <input_file_ref idref="fl-2"/>
      </object_component>
      <object_component id="oc-9f">
         <name>.debug_abbrev</name>
         <load_address>0x62a</load_address>
         <run_address>0x62a</run_address>
         <size>0x29</size>
         <input_file_ref idref="fl-137"/>
      </object_component>
      <object_component id="oc-a2">
         <name>.debug_abbrev</name>
         <load_address>0x653</load_address>
         <run_address>0x653</run_address>
         <size>0x29</size>
         <input_file_ref idref="fl-134"/>
      </object_component>
      <object_component id="oc-a5">
         <name>.debug_abbrev</name>
         <load_address>0x67c</load_address>
         <run_address>0x67c</run_address>
         <size>0x4c</size>
         <input_file_ref idref="fl-131"/>
      </object_component>
      <object_component id="oc-a9">
         <name>.debug_abbrev</name>
         <load_address>0x6c8</load_address>
         <run_address>0x6c8</run_address>
         <size>0x85</size>
         <input_file_ref idref="fl-13a"/>
      </object_component>
      <object_component id="oc-ac">
         <name>.debug_abbrev</name>
         <load_address>0x74d</load_address>
         <run_address>0x74d</run_address>
         <size>0x4b</size>
         <input_file_ref idref="fl-13a"/>
      </object_component>
      <object_component id="oc-b1">
         <name>.debug_abbrev</name>
         <load_address>0x798</load_address>
         <run_address>0x798</run_address>
         <size>0x99</size>
         <input_file_ref idref="fl-13b"/>
      </object_component>
      <object_component id="oc-b3">
         <name>.debug_abbrev</name>
         <load_address>0x831</load_address>
         <run_address>0x831</run_address>
         <size>0x35</size>
         <input_file_ref idref="fl-13b"/>
      </object_component>
      <object_component id="oc-b8">
         <name>.debug_abbrev</name>
         <load_address>0x866</load_address>
         <run_address>0x866</run_address>
         <size>0x6c</size>
         <input_file_ref idref="fl-13b"/>
      </object_component>
      <object_component id="oc-c3">
         <name>.debug_abbrev</name>
         <load_address>0x8d2</load_address>
         <run_address>0x8d2</run_address>
         <size>0x6c</size>
         <input_file_ref idref="fl-13d"/>
      </object_component>
      <object_component id="oc-c4">
         <name>.debug_abbrev</name>
         <load_address>0x93e</load_address>
         <run_address>0x93e</run_address>
         <size>0x6c</size>
         <input_file_ref idref="fl-13d"/>
      </object_component>
      <object_component id="oc-c6">
         <name>.debug_abbrev</name>
         <load_address>0x9aa</load_address>
         <run_address>0x9aa</run_address>
         <size>0x66</size>
         <input_file_ref idref="fl-137"/>
      </object_component>
      <object_component id="oc-c7">
         <name>.debug_abbrev</name>
         <load_address>0xa10</load_address>
         <run_address>0xa10</run_address>
         <size>0x3e</size>
         <input_file_ref idref="fl-137"/>
      </object_component>
      <object_component id="oc-c9">
         <name>.debug_abbrev</name>
         <load_address>0xa4e</load_address>
         <run_address>0xa4e</run_address>
         <size>0x64</size>
         <input_file_ref idref="fl-134"/>
      </object_component>
      <object_component id="oc-cc">
         <name>.debug_abbrev</name>
         <load_address>0xab2</load_address>
         <run_address>0xab2</run_address>
         <size>0x23</size>
         <input_file_ref idref="fl-13b"/>
      </object_component>
      <object_component id="oc-d0">
         <name>.debug_abbrev</name>
         <load_address>0xad5</load_address>
         <run_address>0xad5</run_address>
         <size>0xa9</size>
         <input_file_ref idref="fl-13b"/>
      </object_component>
      <object_component id="oc-d3">
         <name>.debug_abbrev</name>
         <load_address>0xb7e</load_address>
         <run_address>0xb7e</run_address>
         <size>0x49</size>
         <input_file_ref idref="fl-13b"/>
      </object_component>
      <object_component id="oc-d7">
         <name>.debug_abbrev</name>
         <load_address>0xbc7</load_address>
         <run_address>0xbc7</run_address>
         <size>0x8b</size>
         <input_file_ref idref="fl-13d"/>
      </object_component>
      <object_component id="oc-d8">
         <name>.debug_abbrev</name>
         <load_address>0xc52</load_address>
         <run_address>0xc52</run_address>
         <size>0x6c</size>
         <input_file_ref idref="fl-13d"/>
      </object_component>
      <object_component id="oc-d9">
         <name>.debug_abbrev</name>
         <load_address>0xcbe</load_address>
         <run_address>0xcbe</run_address>
         <size>0x72</size>
         <input_file_ref idref="fl-13d"/>
      </object_component>
      <object_component id="oc-fa">
         <name>.debug_abbrev</name>
         <load_address>0xd30</load_address>
         <run_address>0xd30</run_address>
         <size>0xf</size>
      </object_component>
      <object_component id="oc-36">
         <name>.debug_str</name>
         <load_address>0x0</load_address>
         <run_address>0x0</run_address>
         <size>0xb3</size>
         <input_file_ref idref="fl-131"/>
      </object_component>
      <object_component id="oc-47">
         <name>.debug_str</name>
         <load_address>0xb3</load_address>
         <run_address>0xb3</run_address>
         <size>0xa7</size>
         <input_file_ref idref="fl-132"/>
      </object_component>
      <object_component id="oc-57">
         <name>.debug_str</name>
         <load_address>0x15a</load_address>
         <run_address>0x15a</run_address>
         <size>0x10f</size>
         <input_file_ref idref="fl-138"/>
      </object_component>
      <object_component id="oc-61">
         <name>.debug_str</name>
         <load_address>0x269</load_address>
         <run_address>0x269</run_address>
         <size>0x10f</size>
         <input_file_ref idref="fl-131"/>
      </object_component>
      <object_component id="oc-68">
         <name>.debug_str</name>
         <load_address>0x378</load_address>
         <run_address>0x378</run_address>
         <size>0x10a</size>
         <input_file_ref idref="fl-136"/>
      </object_component>
      <object_component id="oc-6e">
         <name>.debug_str</name>
         <load_address>0x482</load_address>
         <run_address>0x482</run_address>
         <size>0xae</size>
         <input_file_ref idref="fl-131"/>
      </object_component>
      <object_component id="oc-74">
         <name>.debug_str</name>
         <load_address>0x530</load_address>
         <run_address>0x530</run_address>
         <size>0x9c</size>
         <input_file_ref idref="fl-132"/>
      </object_component>
      <object_component id="oc-7b">
         <name>.debug_str</name>
         <load_address>0x5cc</load_address>
         <run_address>0x5cc</run_address>
         <size>0x10a</size>
         <input_file_ref idref="fl-132"/>
      </object_component>
      <object_component id="oc-99">
         <name>.debug_str</name>
         <load_address>0x6d6</load_address>
         <run_address>0x6d6</run_address>
         <size>0x13a</size>
         <input_file_ref idref="fl-2"/>
      </object_component>
      <object_component id="oc-ae">
         <name>.debug_str</name>
         <load_address>0x810</load_address>
         <run_address>0x810</run_address>
         <size>0xf3</size>
         <input_file_ref idref="fl-13a"/>
      </object_component>
      <object_component id="oc-b5">
         <name>.debug_str</name>
         <load_address>0x903</load_address>
         <run_address>0x903</run_address>
         <size>0x20f</size>
         <input_file_ref idref="fl-13b"/>
      </object_component>
      <object_component id="oc-ce">
         <name>.debug_str</name>
         <load_address>0xb12</load_address>
         <run_address>0xb12</run_address>
         <size>0x12b</size>
         <input_file_ref idref="fl-13b"/>
      </object_component>
      <object_component id="oc-d5">
         <name>.debug_str</name>
         <load_address>0xc3d</load_address>
         <run_address>0xc3d</run_address>
         <size>0xf3</size>
         <input_file_ref idref="fl-13b"/>
      </object_component>
      <object_component id="oc-37">
         <name>.debug_pubtypes</name>
         <load_address>0x0</load_address>
         <run_address>0x0</run_address>
         <size>0x46</size>
         <input_file_ref idref="fl-131"/>
      </object_component>
      <object_component id="oc-48">
         <name>.debug_pubtypes</name>
         <load_address>0x46</load_address>
         <run_address>0x46</run_address>
         <size>0x37</size>
         <input_file_ref idref="fl-132"/>
      </object_component>
      <object_component id="oc-58">
         <name>.debug_pubtypes</name>
         <load_address>0x7d</load_address>
         <run_address>0x7d</run_address>
         <size>0xff</size>
         <input_file_ref idref="fl-138"/>
      </object_component>
      <object_component id="oc-62">
         <name>.debug_pubtypes</name>
         <load_address>0x17c</load_address>
         <run_address>0x17c</run_address>
         <size>0xed</size>
         <input_file_ref idref="fl-131"/>
      </object_component>
      <object_component id="oc-69">
         <name>.debug_pubtypes</name>
         <load_address>0x269</load_address>
         <run_address>0x269</run_address>
         <size>0xe4</size>
         <input_file_ref idref="fl-136"/>
      </object_component>
      <object_component id="oc-6f">
         <name>.debug_pubtypes</name>
         <load_address>0x34d</load_address>
         <run_address>0x34d</run_address>
         <size>0x37</size>
         <input_file_ref idref="fl-131"/>
      </object_component>
      <object_component id="oc-75">
         <name>.debug_pubtypes</name>
         <load_address>0x384</load_address>
         <run_address>0x384</run_address>
         <size>0x1d</size>
         <input_file_ref idref="fl-132"/>
      </object_component>
      <object_component id="oc-7c">
         <name>.debug_pubtypes</name>
         <load_address>0x3a1</load_address>
         <run_address>0x3a1</run_address>
         <size>0xe4</size>
         <input_file_ref idref="fl-132"/>
      </object_component>
      <object_component id="oc-9a">
         <name>.debug_pubtypes</name>
         <load_address>0x485</load_address>
         <run_address>0x485</run_address>
         <size>0xff</size>
         <input_file_ref idref="fl-2"/>
      </object_component>
      <object_component id="oc-af">
         <name>.debug_pubtypes</name>
         <load_address>0x584</load_address>
         <run_address>0x584</run_address>
         <size>0x50</size>
         <input_file_ref idref="fl-13a"/>
      </object_component>
      <object_component id="oc-b6">
         <name>.debug_pubtypes</name>
         <load_address>0x5d4</load_address>
         <run_address>0x5d4</run_address>
         <size>0x1c6</size>
         <input_file_ref idref="fl-13b"/>
      </object_component>
      <object_component id="oc-cf">
         <name>.debug_pubtypes</name>
         <load_address>0x79a</load_address>
         <run_address>0x79a</run_address>
         <size>0xff</size>
         <input_file_ref idref="fl-13b"/>
      </object_component>
      <object_component id="oc-d6">
         <name>.debug_pubtypes</name>
         <load_address>0x899</load_address>
         <run_address>0x899</run_address>
         <size>0x28</size>
         <input_file_ref idref="fl-13b"/>
      </object_component>
      <object_component id="oc-51">
         <name>.debug_frame</name>
         <load_address>0x0</load_address>
         <run_address>0x0</run_address>
         <size>0x86</size>
         <input_file_ref idref="fl-2"/>
      </object_component>
      <object_component id="oc-84">
         <name>.debug_frame</name>
         <load_address>0x86</load_address>
         <run_address>0x86</run_address>
         <size>0x8c</size>
         <input_file_ref idref="fl-13b"/>
      </object_component>
      <object_component id="oc-89">
         <name>.debug_frame</name>
         <load_address>0x112</load_address>
         <run_address>0x112</run_address>
         <size>0x7f</size>
         <input_file_ref idref="fl-13b"/>
      </object_component>
      <object_component id="oc-8e">
         <name>.debug_frame</name>
         <load_address>0x191</load_address>
         <run_address>0x191</run_address>
         <size>0x8b</size>
         <input_file_ref idref="fl-13d"/>
      </object_component>
      <object_component id="oc-93">
         <name>.debug_frame</name>
         <load_address>0x21c</load_address>
         <run_address>0x21c</run_address>
         <size>0x7f</size>
         <input_file_ref idref="fl-13d"/>
      </object_component>
      <object_component id="oc-bc">
         <name>.debug_frame</name>
         <load_address>0x29b</load_address>
         <run_address>0x29b</run_address>
         <size>0x90</size>
         <input_file_ref idref="fl-13d"/>
      </object_component>
      <object_component id="oc-c1">
         <name>.debug_frame</name>
         <load_address>0x32b</load_address>
         <run_address>0x32b</run_address>
         <size>0x7f</size>
         <input_file_ref idref="fl-13d"/>
      </object_component>
   </object_component_list>
   <logical_group_list>
      <logical_group id="lg-3">
         <name>.intvecs</name>
         <run_address>0x0</run_address>
         <size>0x0</size>
         <contents>
         </contents>
      </logical_group>
      <logical_group id="lg-4">
         <name>.text</name>
         <load_address>0x0</load_address>
         <run_address>0x0</run_address>
         <size>0x570</size>
         <contents>
            <object_component_ref idref="oc-b9"/>
            <object_component_ref idref="oc-81"/>
            <object_component_ref idref="oc-2e"/>
            <object_component_ref idref="oc-1f"/>
            <object_component_ref idref="oc-3e"/>
            <object_component_ref idref="oc-e"/>
            <object_component_ref idref="oc-49"/>
            <object_component_ref idref="oc-27"/>
            <object_component_ref idref="oc-86"/>
            <object_component_ref idref="oc-4e"/>
            <object_component_ref idref="oc-be"/>
            <object_component_ref idref="oc-8b"/>
            <object_component_ref idref="oc-23"/>
            <object_component_ref idref="oc-9b"/>
            <object_component_ref idref="oc-12"/>
            <object_component_ref idref="oc-90"/>
            <object_component_ref idref="oc-b0"/>
            <object_component_ref idref="oc-1a"/>
         </contents>
      </logical_group>
      <logical_group id="lg-5">
         <name>.const</name>
         <run_address>0x0</run_address>
         <size>0x0</size>
         <contents>
         </contents>
      </logical_group>
      <logical_group id="lg-6">
         <name>.cinit</name>
         <load_address>0x570</load_address>
         <run_address>0x570</run_address>
         <size>0x20</size>
         <contents>
            <object_component_ref idref="oc-f7"/>
            <object_component_ref idref="oc-f5"/>
            <object_component_ref idref="oc-f6"/>
         </contents>
      </logical_group>
      <logical_group id="lg-7">
         <name>.pinit</name>
         <run_address>0x0</run_address>
         <size>0x0</size>
         <contents>
         </contents>
      </logical_group>
      <logical_group id="lg-8">
         <name>.init_array</name>
         <run_address>0x0</run_address>
         <size>0x0</size>
         <contents>
         </contents>
      </logical_group>
      <logical_group id="lg-9">
         <name>.vtable</name>
         <run_address>0x0</run_address>
         <size>0x0</size>
         <contents>
         </contents>
      </logical_group>
      <logical_group id="lg-a">
         <name>.data</name>
         <load_address>0x20000200</load_address>
         <run_address>0x20000200</run_address>
         <size>0x14</size>
         <contents>
            <object_component_ref idref="oc-2b"/>
            <object_component_ref idref="oc-59"/>
            <object_component_ref idref="oc-5b"/>
         </contents>
      </logical_group>
      <logical_group id="lg-b">
         <name>.bss</name>
         <run_address>0x0</run_address>
         <size>0x0</size>
         <contents>
         </contents>
      </logical_group>
      <logical_group id="lg-c">
         <name>.sysmem</name>
         <run_address>0x0</run_address>
         <size>0x0</size>
         <contents>
         </contents>
      </logical_group>
      <logical_group id="lg-d">
         <name>.stack</name>
         <run_address>0x20000000</run_address>
         <size>0x200</size>
         <contents>
            <object_component_ref idref="oc-1e"/>
            <object_component_ref idref="oc-f8"/>
         </contents>
      </logical_group>
      <logical_group id="lg-e7">
         <name>.debug_info</name>
         <load_address>0x0</load_address>
         <run_address>0x0</run_address>
         <size>0x3220</size>
         <contents>
            <object_component_ref idref="oc-f"/>
            <object_component_ref idref="oc-13"/>
            <object_component_ref idref="oc-1b"/>
            <object_component_ref idref="oc-20"/>
            <object_component_ref idref="oc-24"/>
            <object_component_ref idref="oc-28"/>
            <object_component_ref idref="oc-2c"/>
            <object_component_ref idref="oc-2f"/>
            <object_component_ref idref="oc-33"/>
            <object_component_ref idref="oc-3f"/>
            <object_component_ref idref="oc-43"/>
            <object_component_ref idref="oc-44"/>
            <object_component_ref idref="oc-4a"/>
            <object_component_ref idref="oc-4f"/>
            <object_component_ref idref="oc-54"/>
            <object_component_ref idref="oc-5a"/>
            <object_component_ref idref="oc-5c"/>
            <object_component_ref idref="oc-5e"/>
            <object_component_ref idref="oc-65"/>
            <object_component_ref idref="oc-6b"/>
            <object_component_ref idref="oc-70"/>
            <object_component_ref idref="oc-71"/>
            <object_component_ref idref="oc-78"/>
            <object_component_ref idref="oc-80"/>
            <object_component_ref idref="oc-82"/>
            <object_component_ref idref="oc-87"/>
            <object_component_ref idref="oc-8c"/>
            <object_component_ref idref="oc-91"/>
            <object_component_ref idref="oc-96"/>
            <object_component_ref idref="oc-9c"/>
            <object_component_ref idref="oc-a1"/>
            <object_component_ref idref="oc-a4"/>
            <object_component_ref idref="oc-ab"/>
            <object_component_ref idref="oc-b2"/>
            <object_component_ref idref="oc-b7"/>
            <object_component_ref idref="oc-ba"/>
            <object_component_ref idref="oc-bf"/>
            <object_component_ref idref="oc-c5"/>
            <object_component_ref idref="oc-cb"/>
            <object_component_ref idref="oc-d2"/>
            <object_component_ref idref="oc-f9"/>
         </contents>
      </logical_group>
      <logical_group id="lg-e9">
         <name>.debug_line</name>
         <load_address>0x0</load_address>
         <run_address>0x0</run_address>
         <size>0xc5f</size>
         <contents>
            <object_component_ref idref="oc-10"/>
            <object_component_ref idref="oc-14"/>
            <object_component_ref idref="oc-1c"/>
            <object_component_ref idref="oc-21"/>
            <object_component_ref idref="oc-25"/>
            <object_component_ref idref="oc-29"/>
            <object_component_ref idref="oc-30"/>
            <object_component_ref idref="oc-35"/>
            <object_component_ref idref="oc-40"/>
            <object_component_ref idref="oc-46"/>
            <object_component_ref idref="oc-4b"/>
            <object_component_ref idref="oc-50"/>
            <object_component_ref idref="oc-56"/>
            <object_component_ref idref="oc-60"/>
            <object_component_ref idref="oc-64"/>
            <object_component_ref idref="oc-67"/>
            <object_component_ref idref="oc-6d"/>
            <object_component_ref idref="oc-73"/>
            <object_component_ref idref="oc-7a"/>
            <object_component_ref idref="oc-7e"/>
            <object_component_ref idref="oc-83"/>
            <object_component_ref idref="oc-88"/>
            <object_component_ref idref="oc-8d"/>
            <object_component_ref idref="oc-92"/>
            <object_component_ref idref="oc-98"/>
            <object_component_ref idref="oc-9d"/>
            <object_component_ref idref="oc-a0"/>
            <object_component_ref idref="oc-a3"/>
            <object_component_ref idref="oc-a6"/>
            <object_component_ref idref="oc-aa"/>
            <object_component_ref idref="oc-ad"/>
            <object_component_ref idref="oc-b4"/>
            <object_component_ref idref="oc-bb"/>
            <object_component_ref idref="oc-c0"/>
            <object_component_ref idref="oc-c8"/>
            <object_component_ref idref="oc-ca"/>
            <object_component_ref idref="oc-cd"/>
            <object_component_ref idref="oc-d1"/>
            <object_component_ref idref="oc-d4"/>
            <object_component_ref idref="oc-da"/>
         </contents>
      </logical_group>
      <logical_group id="lg-eb">
         <name>.debug_aranges</name>
         <load_address>0x0</load_address>
         <run_address>0x0</run_address>
         <size>0x248</size>
         <contents>
            <object_component_ref idref="oc-11"/>
            <object_component_ref idref="oc-15"/>
            <object_component_ref idref="oc-1d"/>
            <object_component_ref idref="oc-22"/>
            <object_component_ref idref="oc-26"/>
            <object_component_ref idref="oc-2a"/>
            <object_component_ref idref="oc-31"/>
            <object_component_ref idref="oc-41"/>
            <object_component_ref idref="oc-4c"/>
            <object_component_ref idref="oc-52"/>
            <object_component_ref idref="oc-85"/>
            <object_component_ref idref="oc-8a"/>
            <object_component_ref idref="oc-8f"/>
            <object_component_ref idref="oc-94"/>
            <object_component_ref idref="oc-9e"/>
            <object_component_ref idref="oc-bd"/>
            <object_component_ref idref="oc-c2"/>
         </contents>
      </logical_group>
      <logical_group id="lg-ed">
         <name>.debug_abbrev</name>
         <load_address>0x0</load_address>
         <run_address>0x0</run_address>
         <size>0xd3f</size>
         <contents>
            <object_component_ref idref="oc-2d"/>
            <object_component_ref idref="oc-32"/>
            <object_component_ref idref="oc-34"/>
            <object_component_ref idref="oc-42"/>
            <object_component_ref idref="oc-45"/>
            <object_component_ref idref="oc-4d"/>
            <object_component_ref idref="oc-53"/>
            <object_component_ref idref="oc-55"/>
            <object_component_ref idref="oc-5d"/>
            <object_component_ref idref="oc-5f"/>
            <object_component_ref idref="oc-63"/>
            <object_component_ref idref="oc-66"/>
            <object_component_ref idref="oc-6a"/>
            <object_component_ref idref="oc-6c"/>
            <object_component_ref idref="oc-72"/>
            <object_component_ref idref="oc-77"/>
            <object_component_ref idref="oc-79"/>
            <object_component_ref idref="oc-7d"/>
            <object_component_ref idref="oc-7f"/>
            <object_component_ref idref="oc-95"/>
            <object_component_ref idref="oc-97"/>
            <object_component_ref idref="oc-9f"/>
            <object_component_ref idref="oc-a2"/>
            <object_component_ref idref="oc-a5"/>
            <object_component_ref idref="oc-a9"/>
            <object_component_ref idref="oc-ac"/>
            <object_component_ref idref="oc-b1"/>
            <object_component_ref idref="oc-b3"/>
            <object_component_ref idref="oc-b8"/>
            <object_component_ref idref="oc-c3"/>
            <object_component_ref idref="oc-c4"/>
            <object_component_ref idref="oc-c6"/>
            <object_component_ref idref="oc-c7"/>
            <object_component_ref idref="oc-c9"/>
            <object_component_ref idref="oc-cc"/>
            <object_component_ref idref="oc-d0"/>
            <object_component_ref idref="oc-d3"/>
            <object_component_ref idref="oc-d7"/>
            <object_component_ref idref="oc-d8"/>
            <object_component_ref idref="oc-d9"/>
            <object_component_ref idref="oc-fa"/>
         </contents>
      </logical_group>
      <logical_group id="lg-ef">
         <name>.debug_str</name>
         <load_address>0x0</load_address>
         <run_address>0x0</run_address>
         <size>0xd30</size>
         <contents>
            <object_component_ref idref="oc-36"/>
            <object_component_ref idref="oc-47"/>
            <object_component_ref idref="oc-57"/>
            <object_component_ref idref="oc-61"/>
            <object_component_ref idref="oc-68"/>
            <object_component_ref idref="oc-6e"/>
            <object_component_ref idref="oc-74"/>
            <object_component_ref idref="oc-7b"/>
            <object_component_ref idref="oc-99"/>
            <object_component_ref idref="oc-ae"/>
            <object_component_ref idref="oc-b5"/>
            <object_component_ref idref="oc-ce"/>
            <object_component_ref idref="oc-d5"/>
         </contents>
      </logical_group>
      <logical_group id="lg-f1">
         <name>.debug_pubtypes</name>
         <load_address>0x0</load_address>
         <run_address>0x0</run_address>
         <size>0x8c1</size>
         <contents>
            <object_component_ref idref="oc-37"/>
            <object_component_ref idref="oc-48"/>
            <object_component_ref idref="oc-58"/>
            <object_component_ref idref="oc-62"/>
            <object_component_ref idref="oc-69"/>
            <object_component_ref idref="oc-6f"/>
            <object_component_ref idref="oc-75"/>
            <object_component_ref idref="oc-7c"/>
            <object_component_ref idref="oc-9a"/>
            <object_component_ref idref="oc-af"/>
            <object_component_ref idref="oc-b6"/>
            <object_component_ref idref="oc-cf"/>
            <object_component_ref idref="oc-d6"/>
         </contents>
      </logical_group>
      <logical_group id="lg-f3">
         <name>.debug_frame</name>
         <load_address>0x0</load_address>
         <run_address>0x0</run_address>
         <size>0x3aa</size>
         <contents>
            <object_component_ref idref="oc-51"/>
            <object_component_ref idref="oc-84"/>
            <object_component_ref idref="oc-89"/>
            <object_component_ref idref="oc-8e"/>
            <object_component_ref idref="oc-93"/>
            <object_component_ref idref="oc-bc"/>
            <object_component_ref idref="oc-c1"/>
         </contents>
      </logical_group>
      <load_segment id="lg-fe">
         <name>SEGMENT_0</name>
         <load_address>0x0</load_address>
         <run_address>0x0</run_address>
         <size>0x590</size>
         <flags>0x5</flags>
         <contents>
            <logical_group_ref idref="lg-4"/>
            <logical_group_ref idref="lg-6"/>
         </contents>
      </load_segment>
      <load_segment id="lg-ff">
         <name>SEGMENT_1</name>
         <run_address>0x20000000</run_address>
         <size>0x200</size>
         <flags>0x6</flags>
         <contents>
            <logical_group_ref idref="lg-d"/>
         </contents>
      </load_segment>
      <load_segment id="lg-100">
         <name>SEGMENT_2</name>
         <load_address>0x20000200</load_address>
         <run_address>0x20000200</run_address>
         <size>0x14</size>
         <flags>0x6</flags>
         <contents>
            <logical_group_ref idref="lg-a"/>
         </contents>
      </load_segment>
   </logical_group_list>
   <placement_map>
      <memory_area>
         <name>FLASH</name>
         <page_id>0x0</page_id>
         <origin>0x0</origin>
         <length>0x40000</length>
         <used_space>0x590</used_space>
         <unused_space>0x3fa70</unused_space>
         <attributes>RX</attributes>
         <usage_details>
            <allocated_space>
               <start_address>0x0</start_address>
               <size>0x570</size>
               <logical_group_ref idref="lg-4"/>
            </allocated_space>
            <allocated_space>
               <start_address>0x570</start_address>
               <size>0x20</size>
               <logical_group_ref idref="lg-6"/>
            </allocated_space>
            <available_space>
               <start_address>0x590</start_address>
               <size>0x3fa70</size>
            </available_space>
         </usage_details>
      </memory_area>
      <memory_area>
         <name>SRAM</name>
         <page_id>0x0</page_id>
         <origin>0x20000000</origin>
         <length>0x8000</length>
         <used_space>0x214</used_space>
         <unused_space>0x7dec</unused_space>
         <attributes>RWX</attributes>
         <usage_details>
            <allocated_space>
               <start_address>0x20000000</start_address>
               <size>0x200</size>
               <logical_group_ref idref="lg-d"/>
            </allocated_space>
            <allocated_space>
               <start_address>0x20000200</start_address>
               <size>0x14</size>
               <logical_group_ref idref="lg-a"/>
            </allocated_space>
            <available_space>
               <start_address>0x20000214</start_address>
               <size>0x7dec</size>
            </available_space>
         </usage_details>
      </memory_area>
   </placement_map>
   <cptbl_list>
      <cptbl>
         <name>__TI_cinit_table</name>
         <cprec>
            <name>.data</name>
            <load_address>0x570</load_address>
            <load_size>0xf</load_size>
            <run_address>0x20000200</run_address>
            <run_size>0x14</run_size>
            <compression>rle</compression>
         </cprec>
      </cptbl>
   </cptbl_list>
   <handler_table>
      <handler_table_name>__TI_handler_table</handler_table_name>
      <handler>
         <index>0x0</index>
         <name>__TI_decompress_rle24</name>
      </handler>
      <handler>
         <index>0x1</index>
         <name>__TI_decompress_none</name>
      </handler>
   </handler_table>
   <symbol_table>
      <symbol id="sm-1">
         <name>__STACK_TOP</name>
         <value>0x20000200</value>
      </symbol>
      <symbol id="sm-2">
         <name>__TI_CINIT_Base</name>
         <value>0x588</value>
      </symbol>
      <symbol id="sm-3">
         <name>__TI_CINIT_Limit</name>
         <value>0x590</value>
      </symbol>
      <symbol id="sm-4">
         <name>__TI_Handler_Table_Base</name>
         <value>0x580</value>
      </symbol>
      <symbol id="sm-5">
         <name>__TI_Handler_Table_Limit</name>
         <value>0x588</value>
      </symbol>
      <symbol id="sm-6">
         <name>binit</name>
         <value>0xffffffff</value>
      </symbol>
      <symbol id="sm-7">
         <name>__binit__</name>
         <value>0xffffffff</value>
      </symbol>
      <symbol id="sm-8">
         <name>__STACK_SIZE</name>
         <value>0x200</value>
      </symbol>
      <symbol id="sm-9">
         <name>__STACK_END</name>
         <value>0x20000200</value>
      </symbol>
      <symbol id="sm-a">
         <name>__c_args__</name>
         <value>0xffffffff</value>
      </symbol>
      <symbol id="sm-31">
         <name>main</name>
         <value>0x4b1</value>
         <object_component_ref idref="oc-4e"/>
      </symbol>
      <symbol id="sm-40">
         <name>_c_int00</name>
         <value>0x3b1</value>
         <object_component_ref idref="oc-e"/>
      </symbol>
      <symbol id="sm-41">
         <name>__stack</name>
         <value>0x20000000</value>
         <object_component_ref idref="oc-1e"/>
      </symbol>
      <symbol id="sm-5b">
         <name>__TI_decompress_none</name>
         <value>0x551</value>
         <object_component_ref idref="oc-12"/>
      </symbol>
      <symbol id="sm-85">
         <name>__TI_decompress_rle24</name>
         <value>0x56b</value>
         <object_component_ref idref="oc-1a"/>
      </symbol>
      <symbol id="sm-a1">
         <name>C$$EXIT</name>
         <value>0x43d</value>
         <object_component_ref idref="oc-27"/>
      </symbol>
      <symbol id="sm-a2">
         <name>_dtors_ptr</name>
         <value>0x2000020c</value>
         <object_component_ref idref="oc-5b"/>
      </symbol>
      <symbol id="sm-a3">
         <name>abort</name>
         <value>0x441</value>
         <object_component_ref idref="oc-27"/>
      </symbol>
      <symbol id="sm-a4">
         <name>_cleanup_ptr</name>
         <value>0x20000208</value>
         <object_component_ref idref="oc-5b"/>
      </symbol>
      <symbol id="sm-a5">
         <name>exit</name>
         <value>0x449</value>
         <object_component_ref idref="oc-27"/>
      </symbol>
      <symbol id="sm-ba">
         <name>memcpy</name>
         <value>0x221</value>
         <object_component_ref idref="oc-2e"/>
      </symbol>
      <symbol id="sm-bb">
         <name>__aeabi_memcpy</name>
         <value>0x221</value>
         <object_component_ref idref="oc-2e"/>
      </symbol>
      <symbol id="sm-bc">
         <name>__aeabi_memcpy8</name>
         <value>0x221</value>
         <object_component_ref idref="oc-2e"/>
      </symbol>
      <symbol id="sm-bd">
         <name>__aeabi_memcpy4</name>
         <value>0x221</value>
         <object_component_ref idref="oc-2e"/>
      </symbol>
      <symbol id="sm-c9">
         <name>main_func_sp</name>
         <value>0x20000210</value>
         <object_component_ref idref="oc-2b"/>
      </symbol>
      <symbol id="sm-de">
         <name>_nop</name>
         <value>0x54b</value>
         <object_component_ref idref="oc-9b"/>
      </symbol>
      <symbol id="sm-df">
         <name>_lock</name>
         <value>0x20000200</value>
         <object_component_ref idref="oc-59"/>
      </symbol>
      <symbol id="sm-e0">
         <name>_unlock</name>
         <value>0x20000204</value>
         <object_component_ref idref="oc-59"/>
      </symbol>
      <symbol id="sm-e1">
         <name>_register_lock</name>
         <value>0x543</value>
         <object_component_ref idref="oc-9b"/>
      </symbol>
      <symbol id="sm-e2">
         <name>_register_unlock</name>
         <value>0x53d</value>
         <object_component_ref idref="oc-9b"/>
      </symbol>
      <symbol id="sm-f1">
         <name>_args_main</name>
         <value>0x525</value>
         <object_component_ref idref="oc-23"/>
      </symbol>
      <symbol id="sm-10b">
         <name>__TI_auto_init</name>
         <value>0x2bd</value>
         <object_component_ref idref="oc-1f"/>
      </symbol>
      <symbol id="sm-122">
         <name>copy_in</name>
         <value>0x3f9</value>
         <object_component_ref idref="oc-49"/>
      </symbol>
      <symbol id="sm-15e">
         <name>SysCtlClockSet</name>
         <value>0x131</value>
         <object_component_ref idref="oc-81"/>
      </symbol>
      <symbol id="sm-15f">
         <name>SysCtlDelay</name>
         <value>0x565</value>
         <object_component_ref idref="oc-b0"/>
      </symbol>
      <symbol id="sm-160">
         <name>SysCtlPeripheralEnable</name>
         <value>0x47d</value>
         <object_component_ref idref="oc-86"/>
      </symbol>
      <symbol id="sm-18a">
         <name>GPIOPinTypeGPIOOutput</name>
         <value>0x50b</value>
         <object_component_ref idref="oc-8b"/>
      </symbol>
      <symbol id="sm-18b">
         <name>GPIODirModeSet</name>
         <value>0x4e1</value>
         <object_component_ref idref="oc-be"/>
      </symbol>
      <symbol id="sm-18c">
         <name>GPIOPinWrite</name>
         <value>0x55f</value>
         <object_component_ref idref="oc-90"/>
      </symbol>
      <symbol id="sm-18d">
         <name>GPIOPadConfigSet</name>
         <value>0x1</value>
         <object_component_ref idref="oc-b9"/>
      </symbol>
      <symbol id="sm-18f">
         <name>__TI_static_base__</name>
         <value>0x0</value>
      </symbol>
      <symbol id="sm-190">
         <name>__TI_args_main</name>
         <value>0x1</value>
      </symbol>
      <symbol id="sm-191">
         <name>SHT$$INIT_ARRAY$$Limit</name>
         <value>0x0</value>
      </symbol>
      <symbol id="sm-192">
         <name>SHT$$INIT_ARRAY$$Base</name>
         <value>0x0</value>
      </symbol>
   </symbol_table>
</link_info>
