******************************************************************************
                  TI ARM Linker PC v5.0.4                      
******************************************************************************
>> Linked Thu Dec 25 01:33:04 2014

OUTPUT FILE NAME:   <DC_Motor.out>
ENTRY POINT SYMBOL: "_c_int00"  address: 000003b1


MEMORY CONFIGURATION

         name            origin    length      used     unused   attr    fill
----------------------  --------  ---------  --------  --------  ----  --------
  FLASH                 00000000   00040000  00000590  0003fa70  R  X
  SRAM                  20000000   00008000  00000214  00007dec  RW X


SEGMENT ALLOCATION MAP

run origin  load origin   length   init length attrs members
----------  ----------- ---------- ----------- ----- -------
00000000    00000000    00000590   00000590    r-x
  00000000    00000000    00000570   00000570    r-x .text
  00000570    00000570    00000020   00000020    r-- .cinit
20000000    20000000    00000200   00000000    rw-
  20000000    20000000    00000200   00000000    rw- .stack
20000200    20000200    00000014   00000014    rw-
  20000200    20000200    00000014   00000014    rw- .data


SECTION ALLOCATION MAP

 output                                  attributes/
section   page    origin      length       input sections
--------  ----  ----------  ----------   ----------------
.text      0    00000000    00000570     
                  00000000    00000130     driverlib.lib : gpio.obj (.text:GPIOPadConfigSet)
                  00000130    000000f0                   : sysctl.obj (.text:SysCtlClockSet)
                  00000220    0000009c     rtsv7M4_T_le_v4SPD16_eabi.lib : memcpy_t2.obj (.text)
                  000002bc    00000094                                   : auto_init.obj (.text)
                  00000350    0000005e                                   : copy_decompress_rle.obj (.text)
                  000003ae    00000002     --HOLE-- [fill = 0]
                  000003b0    00000048                                   : boot.obj (.text)
                  000003f8    00000044                                   : cpy_tbl.obj (.text)
                  0000043c    00000040                                   : exit.obj (.text)
                  0000047c    00000034     driverlib.lib : sysctl.obj (.text:SysCtlPeripheralEnable)
                  000004b0    00000030     main.obj (.text)
                  000004e0    0000002a     driverlib.lib : gpio.obj (.text:GPIODirModeSet)
                  0000050a    00000018                   : gpio.obj (.text:GPIOPinTypeGPIOOutput)
                  00000522    00000002     --HOLE-- [fill = 0]
                  00000524    00000018     rtsv7M4_T_le_v4SPD16_eabi.lib : args_main.obj (.text)
                  0000053c    00000014                                   : _lock.obj (.text)
                  00000550    0000000e                                   : copy_decompress_none.obj (.text:decompress:none)
                  0000055e    00000006     driverlib.lib : gpio.obj (.text:GPIOPinWrite)
                  00000564    00000006                   : sysctl.obj (.text:SysCtlDelay)
                  0000056a    00000006     rtsv7M4_T_le_v4SPD16_eabi.lib : copy_decompress_rle.obj (.text:decompress:rle24)

.init_array 
*          0    00000000    00000000     UNINITIALIZED

.cinit     0    00000570    00000020     
                  00000570    0000000f     (.cinit..data.load) [load image, compression = rle]
                  0000057f    00000001     --HOLE-- [fill = 0]
                  00000580    00000008     (__TI_handler_table)
                  00000588    00000008     (__TI_cinit_table)

.stack     0    20000000    00000200     UNINITIALIZED
                  20000000    00000200     --HOLE--

.data      0    20000200    00000014     
                  20000200    00000008     rtsv7M4_T_le_v4SPD16_eabi.lib : _lock.obj (.data)
                  20000208    00000008                                   : exit.obj (.data)
                  20000210    00000004                                   : stkdepth_vars.obj (.data)


LINKER GENERATED COPY TABLES

__TI_cinit_table @ 00000588 records: 1, size/record: 8, table size: 8
	.data: load addr=00000570, load size=0000000f bytes, run addr=20000200, run size=00000014 bytes, compression=rle


LINKER GENERATED HANDLER TABLE

__TI_handler_table @ 00000580 records: 2, size/record: 4, table size: 8
	index: 0, handler: __TI_decompress_rle24
	index: 1, handler: __TI_decompress_none


GLOBAL SYMBOLS: SORTED ALPHABETICALLY BY Name 

address    name
--------   ----
0000043d   C$$EXIT
000004e1   GPIODirModeSet
00000001   GPIOPadConfigSet
0000050b   GPIOPinTypeGPIOOutput
0000055f   GPIOPinWrite
UNDEFED    SHT$$INIT_ARRAY$$Base
UNDEFED    SHT$$INIT_ARRAY$$Limit
00000131   SysCtlClockSet
00000565   SysCtlDelay
0000047d   SysCtlPeripheralEnable
20000200   __STACK_END
00000200   __STACK_SIZE
20000200   __STACK_TOP
00000588   __TI_CINIT_Base
00000590   __TI_CINIT_Limit
00000580   __TI_Handler_Table_Base
00000588   __TI_Handler_Table_Limit
00000001   __TI_args_main
000002bd   __TI_auto_init
00000551   __TI_decompress_none
0000056b   __TI_decompress_rle24
00000000   __TI_static_base__
00000221   __aeabi_memcpy
00000221   __aeabi_memcpy4
00000221   __aeabi_memcpy8
ffffffff   __binit__
ffffffff   __c_args__
20000000   __stack
00000525   _args_main
000003b1   _c_int00
20000208   _cleanup_ptr
2000020c   _dtors_ptr
20000200   _lock
0000054b   _nop
00000543   _register_lock
0000053d   _register_unlock
20000204   _unlock
00000441   abort
ffffffff   binit
000003f9   copy_in
00000449   exit
000004b1   main
20000210   main_func_sp
00000221   memcpy


GLOBAL SYMBOLS: SORTED BY Symbol Address 

address    name
--------   ----
00000000   __TI_static_base__
00000001   GPIOPadConfigSet
00000001   __TI_args_main
00000131   SysCtlClockSet
00000200   __STACK_SIZE
00000221   __aeabi_memcpy
00000221   __aeabi_memcpy4
00000221   __aeabi_memcpy8
00000221   memcpy
000002bd   __TI_auto_init
000003b1   _c_int00
000003f9   copy_in
0000043d   C$$EXIT
00000441   abort
00000449   exit
0000047d   SysCtlPeripheralEnable
000004b1   main
000004e1   GPIODirModeSet
0000050b   GPIOPinTypeGPIOOutput
00000525   _args_main
0000053d   _register_unlock
00000543   _register_lock
0000054b   _nop
00000551   __TI_decompress_none
0000055f   GPIOPinWrite
00000565   SysCtlDelay
0000056b   __TI_decompress_rle24
00000580   __TI_Handler_Table_Base
00000588   __TI_CINIT_Base
00000588   __TI_Handler_Table_Limit
00000590   __TI_CINIT_Limit
20000000   __stack
20000200   __STACK_END
20000200   __STACK_TOP
20000200   _lock
20000204   _unlock
20000208   _cleanup_ptr
2000020c   _dtors_ptr
20000210   main_func_sp
ffffffff   __binit__
ffffffff   __c_args__
ffffffff   binit
UNDEFED    SHT$$INIT_ARRAY$$Base
UNDEFED    SHT$$INIT_ARRAY$$Limit

[44 symbols]
