******************************************************************************
                  TI ARM Linker PC v5.0.4                      
******************************************************************************
>> Linked Thu Dec 25 01:33:45 2014

OUTPUT FILE NAME:   <CANRX.out>
ENTRY POINT SYMBOL: "_c_int00"  address: 0000102d


MEMORY CONFIGURATION

         name            origin    length      used     unused   attr    fill
----------------------  --------  ---------  --------  --------  ----  --------
  FLASH                 00000000   00040000  00001580  0003ea80  R  X
  SRAM                  20000000   00008000  00000228  00007dd8  RW X


SEGMENT ALLOCATION MAP

run origin  load origin   length   init length attrs members
----------  ----------- ---------- ----------- ----- -------
00000000    00000000    00001584   00001584    r-x
  00000000    00000000    0000026c   0000026c    r-- .intvecs
  0000026c    0000026c    00001136   00001136    r-x .text
  000013a4    000013a4    000001ba   000001ba    r-- .const
  00001560    00001560    00000024   00000024    r-- .cinit
20000000    20000000    00000200   00000000    rw-
  20000000    20000000    00000200   00000000    rw- .stack
20000200    20000200    00000028   00000028    rw-
  20000200    20000200    00000028   00000028    rw- .data


SECTION ALLOCATION MAP

 output                                  attributes/
section   page    origin      length       input sections
--------  ----  ----------  ----------   ----------------
.intvecs   0    00000000    0000026c     
                  00000000    0000026c     startup_ccs.obj (.intvecs)

.init_array 
*          0    00000000    00000000     UNINITIALIZED

.text      0    0000026c    00001136     
                  0000026c    0000049c     uartstdio.obj (.text)
                  00000708    0000023c     main.obj (.text)
                  00000944    00000130     driverlib.lib : gpio.obj (.text:GPIOPadConfigSet)
                  00000a74    00000118                   : sysctl.obj (.text:SysCtlClockGet)
                  00000b8c    00000110                   : can.obj (.text:CANMessageGet)
                  00000c9c    000000f0                   : sysctl.obj (.text:SysCtlClockSet)
                  00000d8c    0000009c     rtsv7M4_T_le_v4SPD16_eabi.lib : memcpy_t2.obj (.text)
                  00000e28    00000094                                   : auto_init.obj (.text)
                  00000ebc    00000068     driverlib.lib : can.obj (.text:CANBitRateSet)
                  00000f24    00000060                   : interrupt.obj (.text:IntEnable)
                  00000f84    0000005e     rtsv7M4_T_le_v4SPD16_eabi.lib : copy_decompress_rle.obj (.text)
                  00000fe2    00000002     --HOLE-- [fill = 0]
                  00000fe4    00000048     driverlib.lib : gpio.obj (.text:GPIOPinConfigure)
                  0000102c    00000048     rtsv7M4_T_le_v4SPD16_eabi.lib : boot.obj (.text)
                  00001074    00000044                                   : cpy_tbl.obj (.text)
                  000010b8    00000042                                   : u_divt2.obj (.text)
                  000010fa    00000040     driverlib.lib : can.obj (.text:CANStatusGet)
                  0000113a    00000002     --HOLE-- [fill = 0]
                  0000113c    00000040     rtsv7M4_T_le_v4SPD16_eabi.lib : exit.obj (.text)
                  0000117c    0000003a     driverlib.lib : can.obj (.text:CANInit)
                  000011b6    00000002     --HOLE-- [fill = 0]
                  000011b8    00000034                   : sysctl.obj (.text:SysCtlPeripheralEnable)
                  000011ec    00000030     led.obj (.text)
                  0000121c    0000002a     driverlib.lib : gpio.obj (.text:GPIODirModeSet)
                  00001246    0000002a                   : can.obj (.text:_CANDataRegRead)
                  00001270    00000022                   : can.obj (.text:CANIntClear)
                  00001292    0000001e                   : can.obj (.text:CANIntStatus)
                  000012b0    00000018                   : gpio.obj (.text:GPIOPinTypeGPIOOutput)
                  000012c8    00000018     rtsv7M4_T_le_v4SPD16_eabi.lib : args_main.obj (.text)
                  000012e0    00000014                                   : _lock.obj (.text)
                  000012f4    00000012     driverlib.lib : gpio.obj (.text:GPIOPinTypeCAN)
                  00001306    00000012                   : gpio.obj (.text:GPIOPinTypeUART)
                  00001318    00000010                   : fpu.obj (.text:FPUEnable)
                  00001328    00000010                   : fpu.obj (.text:FPULazyStackingEnable)
                  00001338    0000000e     rtsv7M4_T_le_v4SPD16_eabi.lib : copy_decompress_none.obj (.text:decompress:none)
                  00001346    0000000c     driverlib.lib : cpu.obj (.text:CPUcpsid)
                  00001352    0000000c                   : cpu.obj (.text:CPUcpsie)
                  0000135e    0000000c     startup_ccs.obj (.text)
                  0000136a    0000000a     driverlib.lib : can.obj (.text:CANEnable)
                  00001374    0000000a                   : interrupt.obj (.text:IntMasterDisable)
                  0000137e    0000000a                   : interrupt.obj (.text:IntMasterEnable)
                  00001388    00000008                   : can.obj (.text:CANIntEnable)
                  00001390    00000006                   : gpio.obj (.text:GPIOPinWrite)
                  00001396    00000006                   : sysctl.obj (.text:SysCtlDelay)
                  0000139c    00000006     rtsv7M4_T_le_v4SPD16_eabi.lib : copy_decompress_rle.obj (.text:decompress:rle24)

.const     0    000013a4    000001ba     
                  000013a4    00000090     driverlib.lib : gpio.obj (.const:g_pui32GPIOBaseAddrs)
                  00001434    00000070                   : interrupt.obj (.const)
                  000014a4    0000006c                   : sysctl.obj (.const:g_pui32Xtals)
                  00001510    00000020                   : can.obj (.const)
                  00001530    0000001c     uartstdio.obj (.const)
                  0000154c    00000012     uartstdio.obj (.const:.string)

.cinit     0    00001560    00000024     
                  00001560    00000012     (.cinit..data.load) [load image, compression = rle]
                  00001572    00000002     --HOLE-- [fill = 0]
                  00001574    00000008     (__TI_handler_table)
                  0000157c    00000008     (__TI_cinit_table)

.stack     0    20000000    00000200     UNINITIALIZED
                  20000000    00000200     --HOLE--

.data      0    20000200    00000028     
                  20000200    0000000c     main.obj (.data)
                  2000020c    00000008     rtsv7M4_T_le_v4SPD16_eabi.lib : _lock.obj (.data)
                  20000214    00000008                                   : exit.obj (.data)
                  2000021c    00000005     uartstdio.obj (.data)
                  20000221    00000003     --HOLE--
                  20000224    00000004     rtsv7M4_T_le_v4SPD16_eabi.lib : stkdepth_vars.obj (.data)


LINKER GENERATED COPY TABLES

__TI_cinit_table @ 0000157c records: 1, size/record: 8, table size: 8
	.data: load addr=00001560, load size=00000012 bytes, run addr=20000200, run size=00000028 bytes, compression=rle


LINKER GENERATED HANDLER TABLE

__TI_handler_table @ 00001574 records: 2, size/record: 4, table size: 8
	index: 0, handler: __TI_decompress_rle24
	index: 1, handler: __TI_decompress_none


GLOBAL SYMBOLS: SORTED ALPHABETICALLY BY Name 

address    name
--------   ----
0000113d   C$$EXIT
00000ebd   CANBitRateSet
0000136b   CANEnable
0000117d   CANInit
00001271   CANIntClear
00001389   CANIntEnable
00000753   CANIntHandler
00001293   CANIntStatus
00000b8d   CANMessageGet
000010fb   CANStatusGet
00001347   CPUcpsid
00001353   CPUcpsie
00001319   FPUEnable
00001329   FPULazyStackingEnable
0000121d   GPIODirModeSet
00000945   GPIOPadConfigSet
00000fe5   GPIOPinConfigure
000012f5   GPIOPinTypeCAN
000012b1   GPIOPinTypeGPIOOutput
00001307   GPIOPinTypeUART
00001391   GPIOPinWrite
00000709   InitConsole
000011ed   InitLED
00000f25   IntEnable
00001375   IntMasterDisable
0000137f   IntMasterEnable
0000135f   ResetISR
UNDEFED    SHT$$INIT_ARRAY$$Base
UNDEFED    SHT$$INIT_ARRAY$$Limit
00000737   SimpleDelay
00000a75   SysCtlClockGet
00000c9d   SysCtlClockSet
00001397   SysCtlDelay
000011b9   SysCtlPeripheralEnable
0000026d   UARTStdioConfig
000003d5   UARTgetc
00000313   UARTgets
000006d5   UARTprintf
00000409   UARTvprintf
000002c5   UARTwrite
20000200   __STACK_END
00000200   __STACK_SIZE
20000200   __STACK_TOP
0000157c   __TI_CINIT_Base
00001584   __TI_CINIT_Limit
00001574   __TI_Handler_Table_Base
0000157c   __TI_Handler_Table_Limit
00000001   __TI_args_main
00000e29   __TI_auto_init
00001339   __TI_decompress_none
0000139d   __TI_decompress_rle24
00000000   __TI_static_base__
00000d8d   __aeabi_memcpy
00000d8d   __aeabi_memcpy4
00000d8d   __aeabi_memcpy8
000010b9   __aeabi_uidivmod
ffffffff   __binit__
ffffffff   __c_args__
20000000   __stack
000012c9   _args_main
0000102d   _c_int00
20000214   _cleanup_ptr
20000218   _dtors_ptr
2000020c   _lock
000012ef   _nop
000012e7   _register_lock
000012e1   _register_unlock
20000210   _unlock
00001141   abort
ffffffff   binit
00001075   copy_in
00001149   exit
20000204   g_bErrFlag
20000208   g_bRXFlag
00000000   g_pfnVectors
20000200   g_ulMsgCount_RX
0000079d   main
20000224   main_func_sp
00000d8d   memcpy


GLOBAL SYMBOLS: SORTED BY Symbol Address 

address    name
--------   ----
00000000   __TI_static_base__
00000000   g_pfnVectors
00000001   __TI_args_main
00000200   __STACK_SIZE
0000026d   UARTStdioConfig
000002c5   UARTwrite
00000313   UARTgets
000003d5   UARTgetc
00000409   UARTvprintf
000006d5   UARTprintf
00000709   InitConsole
00000737   SimpleDelay
00000753   CANIntHandler
0000079d   main
00000945   GPIOPadConfigSet
00000a75   SysCtlClockGet
00000b8d   CANMessageGet
00000c9d   SysCtlClockSet
00000d8d   __aeabi_memcpy
00000d8d   __aeabi_memcpy4
00000d8d   __aeabi_memcpy8
00000d8d   memcpy
00000e29   __TI_auto_init
00000ebd   CANBitRateSet
00000f25   IntEnable
00000fe5   GPIOPinConfigure
0000102d   _c_int00
00001075   copy_in
000010b9   __aeabi_uidivmod
000010fb   CANStatusGet
0000113d   C$$EXIT
00001141   abort
00001149   exit
0000117d   CANInit
000011b9   SysCtlPeripheralEnable
000011ed   InitLED
0000121d   GPIODirModeSet
00001271   CANIntClear
00001293   CANIntStatus
000012b1   GPIOPinTypeGPIOOutput
000012c9   _args_main
000012e1   _register_unlock
000012e7   _register_lock
000012ef   _nop
000012f5   GPIOPinTypeCAN
00001307   GPIOPinTypeUART
00001319   FPUEnable
00001329   FPULazyStackingEnable
00001339   __TI_decompress_none
00001347   CPUcpsid
00001353   CPUcpsie
0000135f   ResetISR
0000136b   CANEnable
00001375   IntMasterDisable
0000137f   IntMasterEnable
00001389   CANIntEnable
00001391   GPIOPinWrite
00001397   SysCtlDelay
0000139d   __TI_decompress_rle24
00001574   __TI_Handler_Table_Base
0000157c   __TI_CINIT_Base
0000157c   __TI_Handler_Table_Limit
00001584   __TI_CINIT_Limit
20000000   __stack
20000200   __STACK_END
20000200   __STACK_TOP
20000200   g_ulMsgCount_RX
20000204   g_bErrFlag
20000208   g_bRXFlag
2000020c   _lock
20000210   _unlock
20000214   _cleanup_ptr
20000218   _dtors_ptr
20000224   main_func_sp
ffffffff   __binit__
ffffffff   __c_args__
ffffffff   binit
UNDEFED    SHT$$INIT_ARRAY$$Base
UNDEFED    SHT$$INIT_ARRAY$$Limit

[79 symbols]
