******************************************************************************
                  TI ARM Linker PC v5.0.4                      
******************************************************************************
>> Linked Thu Aug 14 14:03:55 2014

OUTPUT FILE NAME:   <CANR.out>
ENTRY POINT SYMBOL: "_c_int00"  address: 00000fe1


MEMORY CONFIGURATION

         name            origin    length      used     unused   attr    fill
----------------------  --------  ---------  --------  --------  ----  --------
  FLASH                 00000000   00040000  0000159e  0003ea62  R  X
  SRAM                  20000000   00008000  0000022c  00007dd4  RW X


SEGMENT ALLOCATION MAP

run origin  load origin   length   init length attrs members
----------  ----------- ---------- ----------- ----- -------
00000000    00000000    000015a4   000015a4    r-x
  00000000    00000000    0000026c   0000026c    r-- .intvecs
  0000026c    0000026c    00001154   00001154    r-x .text
  000013c0    000013c0    000001ba   000001ba    r-- .const
  00001580    00001580    00000024   00000024    r-- .cinit
20000000    20000000    00000200   00000000    rw-
  20000000    20000000    00000200   00000000    rw- .stack
20000200    20000200    0000002c   0000002c    rw-
  20000200    20000200    0000002c   0000002c    rw- .data


SECTION ALLOCATION MAP

 output                                  attributes/
section   page    origin      length       input sections
--------  ----  ----------  ----------   ----------------
.intvecs   0    00000000    0000026c     
                  00000000    0000026c     startup_ccs.obj (.intvecs)

.init_array 
*          0    00000000    00000000     UNINITIALIZED

.text      0    0000026c    00001154     
                  0000026c    0000046c     uartstdio.obj (.text)
                  000006d8    00000220     main.obj (.text)
                  000008f8    00000130     driverlib.lib : gpio.obj (.text:GPIOPadConfigSet)
                  00000a28    00000118                   : sysctl.obj (.text:SysCtlClockGet)
                  00000b40    00000110                   : can.obj (.text:CANMessageGet)
                  00000c50    000000f0                   : sysctl.obj (.text:SysCtlClockSet)
                  00000d40    0000009c     rtsv7M4_T_le_v4SPD16_eabi.lib : memcpy_t2.obj (.text)
                  00000ddc    00000094                                   : auto_init.obj (.text)
                  00000e70    00000068     driverlib.lib : can.obj (.text:CANBitRateSet)
                  00000ed8    00000060                   : interrupt.obj (.text:IntEnable)
                  00000f38    0000005e     rtsv7M4_T_le_v4SPD16_eabi.lib : copy_decompress_rle.obj (.text)
                  00000f96    00000002     --HOLE-- [fill = 0]
                  00000f98    00000048     driverlib.lib : gpio.obj (.text:GPIOPinConfigure)
                  00000fe0    00000048     rtsv7M4_T_le_v4SPD16_eabi.lib : boot.obj (.text)
                  00001028    00000044                                   : cpy_tbl.obj (.text)
                  0000106c    00000042                                   : u_divt2.obj (.text)
                  000010ae    00000040     driverlib.lib : can.obj (.text:CANStatusGet)
                  000010ee    00000040                   : uart.obj (.text:UARTConfigSetExpClk)
                  0000112e    00000002     --HOLE-- [fill = 0]
                  00001130    00000040     rtsv7M4_T_le_v4SPD16_eabi.lib : exit.obj (.text)
                  00001170    0000003a     driverlib.lib : can.obj (.text:CANInit)
                  000011aa    00000002     --HOLE-- [fill = 0]
                  000011ac    00000034                   : sysctl.obj (.text:SysCtlPeripheralEnable)
                  000011e0    00000034                   : sysctl.obj (.text:SysCtlPeripheralPresent)
                  00001214    0000002a                   : gpio.obj (.text:GPIODirModeSet)
                  0000123e    0000002a                   : can.obj (.text:_CANDataRegRead)
                  00001268    00000022                   : can.obj (.text:CANIntClear)
                  0000128a    0000001e                   : can.obj (.text:CANIntStatus)
                  000012a8    0000001c                   : uart.obj (.text:UARTDisable)
                  000012c4    00000018     rtsv7M4_T_le_v4SPD16_eabi.lib : args_main.obj (.text)
                  000012dc    00000014     driverlib.lib : uart.obj (.text:UARTEnable)
                  000012f0    00000014     rtsv7M4_T_le_v4SPD16_eabi.lib : _lock.obj (.text)
                  00001304    00000012     driverlib.lib : gpio.obj (.text:GPIOPinTypeCAN)
                  00001316    00000012                   : gpio.obj (.text:GPIOPinTypeUART)
                  00001328    00000010                   : fpu.obj (.text:FPUEnable)
                  00001338    00000010                   : fpu.obj (.text:FPULazyStackingEnable)
                  00001348    0000000e     rtsv7M4_T_le_v4SPD16_eabi.lib : copy_decompress_none.obj (.text:decompress:none)
                  00001356    0000000c     driverlib.lib : cpu.obj (.text:CPUcpsid)
                  00001362    0000000c                   : cpu.obj (.text:CPUcpsie)
                  0000136e    0000000c     startup_ccs.obj (.text)
                  0000137a    0000000a     driverlib.lib : can.obj (.text:CANEnable)
                  00001384    0000000a                   : interrupt.obj (.text:IntMasterDisable)
                  0000138e    0000000a                   : interrupt.obj (.text:IntMasterEnable)
                  00001398    0000000a                   : uart.obj (.text:UARTCharGet)
                  000013a2    0000000a                   : uart.obj (.text:UARTCharPut)
                  000013ac    00000008                   : can.obj (.text:CANIntEnable)
                  000013b4    00000006                   : sysctl.obj (.text:SysCtlDelay)
                  000013ba    00000006     rtsv7M4_T_le_v4SPD16_eabi.lib : copy_decompress_rle.obj (.text:decompress:rle24)

.const     0    000013c0    000001ba     
                  000013c0    00000090     driverlib.lib : gpio.obj (.const:g_pui32GPIOBaseAddrs)
                  00001450    00000070                   : interrupt.obj (.const)
                  000014c0    0000006c                   : sysctl.obj (.const:g_pui32Xtals)
                  0000152c    00000020                   : can.obj (.const)
                  0000154c    0000001c     uartstdio.obj (.const)
                  00001568    00000012     uartstdio.obj (.const:.string)

.cinit     0    00001580    00000024     
                  00001580    00000012     (.cinit..data.load) [load image, compression = rle]
                  00001592    00000002     --HOLE-- [fill = 0]
                  00001594    00000008     (__TI_handler_table)
                  0000159c    00000008     (__TI_cinit_table)

.stack     0    20000000    00000200     UNINITIALIZED
                  20000000    00000200     --HOLE--

.data      0    20000200    0000002c     
                  20000200    00000010     main.obj (.data)
                  20000210    00000008     rtsv7M4_T_le_v4SPD16_eabi.lib : _lock.obj (.data)
                  20000218    00000008                                   : exit.obj (.data)
                  20000220    00000005     uartstdio.obj (.data)
                  20000225    00000003     --HOLE--
                  20000228    00000004     rtsv7M4_T_le_v4SPD16_eabi.lib : stkdepth_vars.obj (.data)


LINKER GENERATED COPY TABLES

__TI_cinit_table @ 0000159c records: 1, size/record: 8, table size: 8
	.data: load addr=00001580, load size=00000012 bytes, run addr=20000200, run size=0000002c bytes, compression=rle


LINKER GENERATED HANDLER TABLE

__TI_handler_table @ 00001594 records: 2, size/record: 4, table size: 8
	index: 0, handler: __TI_decompress_rle24
	index: 1, handler: __TI_decompress_none


GLOBAL SYMBOLS: SORTED ALPHABETICALLY BY Name 

address    name
--------   ----
00001131   C$$EXIT
00000e71   CANBitRateSet
0000137b   CANEnable
00001171   CANInit
00001269   CANIntClear
000013ad   CANIntEnable
00000723   CANIntHandler
0000128b   CANIntStatus
00000b41   CANMessageGet
000010af   CANStatusGet
00001357   CPUcpsid
00001363   CPUcpsie
00001329   FPUEnable
00001339   FPULazyStackingEnable
00001215   GPIODirModeSet
000008f9   GPIOPadConfigSet
00000f99   GPIOPinConfigure
00001305   GPIOPinTypeCAN
00001317   GPIOPinTypeUART
000006d9   InitConsole
00000ed9   IntEnable
00001385   IntMasterDisable
0000138f   IntMasterEnable
0000136f   ResetISR
UNDEFED    SHT$$INIT_ARRAY$$Base
UNDEFED    SHT$$INIT_ARRAY$$Limit
00000707   SimpleDelay
00000a29   SysCtlClockGet
00000c51   SysCtlClockSet
000013b5   SysCtlDelay
000011ad   SysCtlPeripheralEnable
000011e1   SysCtlPeripheralPresent
00001399   UARTCharGet
000013a3   UARTCharPut
000010ef   UARTConfigSetExpClk
000012a9   UARTDisable
000012dd   UARTEnable
0000026d   UARTStdioConfig
000003b3   UARTgetc
000002f9   UARTgets
000006a5   UARTprintf
000003d9   UARTvprintf
000002b3   UARTwrite
20000200   __STACK_END
00000200   __STACK_SIZE
20000200   __STACK_TOP
0000159c   __TI_CINIT_Base
000015a4   __TI_CINIT_Limit
00001594   __TI_Handler_Table_Base
0000159c   __TI_Handler_Table_Limit
00000001   __TI_args_main
00000ddd   __TI_auto_init
00001349   __TI_decompress_none
000013bb   __TI_decompress_rle24
00000000   __TI_static_base__
00000d41   __aeabi_memcpy
00000d41   __aeabi_memcpy4
00000d41   __aeabi_memcpy8
0000106d   __aeabi_uidivmod
ffffffff   __binit__
ffffffff   __c_args__
20000000   __stack
000012c5   _args_main
00000fe1   _c_int00
20000218   _cleanup_ptr
2000021c   _dtors_ptr
20000210   _lock
000012ff   _nop
000012f7   _register_lock
000012f1   _register_unlock
20000214   _unlock
00001135   abort
ffffffff   binit
00001029   copy_in
0000113d   exit
20000208   g_bErrFlag
2000020c   g_bRXFlag
00000000   g_pfnVectors
20000204   g_ulMsgCount_RX
20000200   g_ulMsgCount_TX
0000076d   main
20000228   main_func_sp
00000d41   memcpy


GLOBAL SYMBOLS: SORTED BY Symbol Address 

address    name
--------   ----
00000000   __TI_static_base__
00000000   g_pfnVectors
00000001   __TI_args_main
00000200   __STACK_SIZE
0000026d   UARTStdioConfig
000002b3   UARTwrite
000002f9   UARTgets
000003b3   UARTgetc
000003d9   UARTvprintf
000006a5   UARTprintf
000006d9   InitConsole
00000707   SimpleDelay
00000723   CANIntHandler
0000076d   main
000008f9   GPIOPadConfigSet
00000a29   SysCtlClockGet
00000b41   CANMessageGet
00000c51   SysCtlClockSet
00000d41   __aeabi_memcpy
00000d41   __aeabi_memcpy4
00000d41   __aeabi_memcpy8
00000d41   memcpy
00000ddd   __TI_auto_init
00000e71   CANBitRateSet
00000ed9   IntEnable
00000f99   GPIOPinConfigure
00000fe1   _c_int00
00001029   copy_in
0000106d   __aeabi_uidivmod
000010af   CANStatusGet
000010ef   UARTConfigSetExpClk
00001131   C$$EXIT
00001135   abort
0000113d   exit
00001171   CANInit
000011ad   SysCtlPeripheralEnable
000011e1   SysCtlPeripheralPresent
00001215   GPIODirModeSet
00001269   CANIntClear
0000128b   CANIntStatus
000012a9   UARTDisable
000012c5   _args_main
000012dd   UARTEnable
000012f1   _register_unlock
000012f7   _register_lock
000012ff   _nop
00001305   GPIOPinTypeCAN
00001317   GPIOPinTypeUART
00001329   FPUEnable
00001339   FPULazyStackingEnable
00001349   __TI_decompress_none
00001357   CPUcpsid
00001363   CPUcpsie
0000136f   ResetISR
0000137b   CANEnable
00001385   IntMasterDisable
0000138f   IntMasterEnable
00001399   UARTCharGet
000013a3   UARTCharPut
000013ad   CANIntEnable
000013b5   SysCtlDelay
000013bb   __TI_decompress_rle24
00001594   __TI_Handler_Table_Base
0000159c   __TI_CINIT_Base
0000159c   __TI_Handler_Table_Limit
000015a4   __TI_CINIT_Limit
20000000   __stack
20000200   __STACK_END
20000200   __STACK_TOP
20000200   g_ulMsgCount_TX
20000204   g_ulMsgCount_RX
20000208   g_bErrFlag
2000020c   g_bRXFlag
20000210   _lock
20000214   _unlock
20000218   _cleanup_ptr
2000021c   _dtors_ptr
20000228   main_func_sp
ffffffff   __binit__
ffffffff   __c_args__
ffffffff   binit
UNDEFED    SHT$$INIT_ARRAY$$Base
UNDEFED    SHT$$INIT_ARRAY$$Limit

[83 symbols]
