******************************************************************************
                  TI ARM Linker PC v5.0.4                      
******************************************************************************
>> Linked Thu Aug 14 14:56:40 2014

OUTPUT FILE NAME:   <CANS.out>
ENTRY POINT SYMBOL: "_c_int00"  address: 00000fd5


MEMORY CONFIGURATION

         name            origin    length      used     unused   attr    fill
----------------------  --------  ---------  --------  --------  ----  --------
  FLASH                 00000000   00040000  0000158e  0003ea72  R  X
  SRAM                  20000000   00008000  0000022c  00007dd4  RW X


SEGMENT ALLOCATION MAP

run origin  load origin   length   init length attrs members
----------  ----------- ---------- ----------- ----- -------
00000000    00000000    00001594   00001594    r-x
  00000000    00000000    0000026c   0000026c    r-- .intvecs
  0000026c    0000026c    00001144   00001144    r-x .text
  000013b0    000013b0    000001ba   000001ba    r-- .const
  00001570    00001570    00000024   00000024    r-- .cinit
20000000    20000000    00000200   00000000    rw-
  20000000    20000000    00000200   00000000    rw- .stack
20000200    20000200    0000002c   0000002c    rw-
  20000200    20000200    0000002c   0000002c    rw- .data


SECTION ALLOCATION MAP

 output                                  attributes/
section   page    origin      length       input sections
--------  ----  ----------  ----------   ----------------
.intvecs   0    00000000    0000026c     
                  00000000    0000026c     startup_ccs.obj (.intvecs)

.init_array 
*          0    00000000    00000000     UNINITIALIZED

.text      0    0000026c    00001144     
                  0000026c    0000046c     uartstdio.obj (.text)
                  000006d8    000001e8     main.obj (.text)
                  000008c0    0000013c     driverlib.lib : can.obj (.text:CANMessageSet)
                  000009fc    00000130                   : gpio.obj (.text:GPIOPadConfigSet)
                  00000b2c    00000118                   : sysctl.obj (.text:SysCtlClockGet)
                  00000c44    000000f0                   : sysctl.obj (.text:SysCtlClockSet)
                  00000d34    0000009c     rtsv7M4_T_le_v4SPD16_eabi.lib : memcpy_t2.obj (.text)
                  00000dd0    00000094                                   : auto_init.obj (.text)
                  00000e64    00000068     driverlib.lib : can.obj (.text:CANBitRateSet)
                  00000ecc    00000060                   : interrupt.obj (.text:IntEnable)
                  00000f2c    0000005e     rtsv7M4_T_le_v4SPD16_eabi.lib : copy_decompress_rle.obj (.text)
                  00000f8a    00000002     --HOLE-- [fill = 0]
                  00000f8c    00000048     driverlib.lib : gpio.obj (.text:GPIOPinConfigure)
                  00000fd4    00000048     rtsv7M4_T_le_v4SPD16_eabi.lib : boot.obj (.text)
                  0000101c    00000044                                   : cpy_tbl.obj (.text)
                  00001060    00000042                                   : u_divt2.obj (.text)
                  000010a2    00000040     driverlib.lib : can.obj (.text:CANStatusGet)
                  000010e2    00000040                   : uart.obj (.text:UARTConfigSetExpClk)
                  00001122    00000002     --HOLE-- [fill = 0]
                  00001124    00000040     rtsv7M4_T_le_v4SPD16_eabi.lib : exit.obj (.text)
                  00001164    0000003a     driverlib.lib : can.obj (.text:CANInit)
                  0000119e    00000002     --HOLE-- [fill = 0]
                  000011a0    00000034                   : sysctl.obj (.text:SysCtlPeripheralEnable)
                  000011d4    00000034                   : sysctl.obj (.text:SysCtlPeripheralPresent)
                  00001208    0000002a                   : gpio.obj (.text:GPIODirModeSet)
                  00001232    00000024                   : can.obj (.text:_CANDataRegWrite)
                  00001256    00000022                   : can.obj (.text:CANIntClear)
                  00001278    0000001e                   : can.obj (.text:CANIntStatus)
                  00001296    00000002     --HOLE-- [fill = 0]
                  00001298    0000001c                   : uart.obj (.text:UARTDisable)
                  000012b4    00000018     rtsv7M4_T_le_v4SPD16_eabi.lib : args_main.obj (.text)
                  000012cc    00000014     driverlib.lib : uart.obj (.text:UARTEnable)
                  000012e0    00000014     rtsv7M4_T_le_v4SPD16_eabi.lib : _lock.obj (.text)
                  000012f4    00000012     driverlib.lib : gpio.obj (.text:GPIOPinTypeCAN)
                  00001306    00000012                   : gpio.obj (.text:GPIOPinTypeUART)
                  00001318    00000010                   : fpu.obj (.text:FPUEnable)
                  00001328    00000010                   : fpu.obj (.text:FPULazyStackingEnable)
                  00001338    0000000e     rtsv7M4_T_le_v4SPD16_eabi.lib : copy_decompress_none.obj (.text:decompress:none)
                  00001346    0000000c     driverlib.lib : cpu.obj (.text:CPUcpsid)
                  00001352    0000000c                   : cpu.obj (.text:CPUcpsie)
                  0000135e    0000000c     startup_ccs.obj (.text)
                  0000136a    0000000a     driverlib.lib : can.obj (.text:CANEnable)
                  00001374    0000000a                   : interrupt.obj (.text:IntMasterDisable)
                  0000137e    0000000a                   : interrupt.obj (.text:IntMasterEnable)
                  00001388    0000000a                   : uart.obj (.text:UARTCharGet)
                  00001392    0000000a                   : uart.obj (.text:UARTCharPut)
                  0000139c    00000008                   : can.obj (.text:CANIntEnable)
                  000013a4    00000006                   : sysctl.obj (.text:SysCtlDelay)
                  000013aa    00000006     rtsv7M4_T_le_v4SPD16_eabi.lib : copy_decompress_rle.obj (.text:decompress:rle24)

.const     0    000013b0    000001ba     
                  000013b0    00000090     driverlib.lib : gpio.obj (.const:g_pui32GPIOBaseAddrs)
                  00001440    00000070                   : interrupt.obj (.const)
                  000014b0    0000006c                   : sysctl.obj (.const:g_pui32Xtals)
                  0000151c    00000020                   : can.obj (.const)
                  0000153c    0000001c     uartstdio.obj (.const)
                  00001558    00000012     uartstdio.obj (.const:.string)

.cinit     0    00001570    00000024     
                  00001570    00000012     (.cinit..data.load) [load image, compression = rle]
                  00001582    00000002     --HOLE-- [fill = 0]
                  00001584    00000008     (__TI_handler_table)
                  0000158c    00000008     (__TI_cinit_table)

.stack     0    20000000    00000200     UNINITIALIZED
                  20000000    00000200     --HOLE--

.data      0    20000200    0000002c     
                  20000200    00000010     main.obj (.data)
                  20000210    00000008     rtsv7M4_T_le_v4SPD16_eabi.lib : _lock.obj (.data)
                  20000218    00000008                                   : exit.obj (.data)
                  20000220    00000005     uartstdio.obj (.data)
                  20000225    00000003     --HOLE--
                  20000228    00000004     rtsv7M4_T_le_v4SPD16_eabi.lib : stkdepth_vars.obj (.data)


LINKER GENERATED COPY TABLES

__TI_cinit_table @ 0000158c records: 1, size/record: 8, table size: 8
	.data: load addr=00001570, load size=00000012 bytes, run addr=20000200, run size=0000002c bytes, compression=rle


LINKER GENERATED HANDLER TABLE

__TI_handler_table @ 00001584 records: 2, size/record: 4, table size: 8
	index: 0, handler: __TI_decompress_rle24
	index: 1, handler: __TI_decompress_none


GLOBAL SYMBOLS: SORTED ALPHABETICALLY BY Name 

address    name
--------   ----
00001125   C$$EXIT
00000e65   CANBitRateSet
0000136b   CANEnable
00001165   CANInit
00001257   CANIntClear
0000139d   CANIntEnable
00000723   CANIntHandler
00001279   CANIntStatus
000008c1   CANMessageSet
000010a3   CANStatusGet
00001347   CPUcpsid
00001353   CPUcpsie
00001319   FPUEnable
00001329   FPULazyStackingEnable
00001209   GPIODirModeSet
000009fd   GPIOPadConfigSet
00000f8d   GPIOPinConfigure
000012f5   GPIOPinTypeCAN
00001307   GPIOPinTypeUART
000006d9   InitConsole
00000ecd   IntEnable
00001375   IntMasterDisable
0000137f   IntMasterEnable
0000135f   ResetISR
UNDEFED    SHT$$INIT_ARRAY$$Base
UNDEFED    SHT$$INIT_ARRAY$$Limit
00000707   SimpleDelay
00000b2d   SysCtlClockGet
00000c45   SysCtlClockSet
000013a5   SysCtlDelay
000011a1   SysCtlPeripheralEnable
000011d5   SysCtlPeripheralPresent
00001389   UARTCharGet
00001393   UARTCharPut
000010e3   UARTConfigSetExpClk
00001299   UARTDisable
000012cd   UARTEnable
0000026d   UARTStdioConfig
000003b3   UARTgetc
000002f9   UARTgets
000006a5   UARTprintf
000003d9   UARTvprintf
000002b3   UARTwrite
20000200   __STACK_END
00000200   __STACK_SIZE
20000200   __STACK_TOP
0000158c   __TI_CINIT_Base
00001594   __TI_CINIT_Limit
00001584   __TI_Handler_Table_Base
0000158c   __TI_Handler_Table_Limit
00000001   __TI_args_main
00000dd1   __TI_auto_init
00001339   __TI_decompress_none
000013ab   __TI_decompress_rle24
00000000   __TI_static_base__
00000d35   __aeabi_memcpy
00000d35   __aeabi_memcpy4
00000d35   __aeabi_memcpy8
00001061   __aeabi_uidivmod
ffffffff   __binit__
ffffffff   __c_args__
20000000   __stack
000012b5   _args_main
00000fd5   _c_int00
20000218   _cleanup_ptr
2000021c   _dtors_ptr
20000210   _lock
000012ef   _nop
000012e7   _register_lock
000012e1   _register_unlock
20000214   _unlock
00001129   abort
ffffffff   binit
0000101d   copy_in
00001131   exit
20000208   g_bErrFlag
2000020c   g_bRXFlag
00000000   g_pfnVectors
20000204   g_ulMsgCount_RX
20000200   g_ulMsgCount_TX
00000767   main
20000228   main_func_sp
00000d35   memcpy


GLOBAL SYMBOLS: SORTED BY Symbol Address 

address    name
--------   ----
00000000   __TI_static_base__
00000000   g_pfnVectors
00000001   __TI_args_main
00000200   __STACK_SIZE
0000026d   UARTStdioConfig
000002b3   UARTwrite
000002f9   UARTgets
000003b3   UARTgetc
000003d9   UARTvprintf
000006a5   UARTprintf
000006d9   InitConsole
00000707   SimpleDelay
00000723   CANIntHandler
00000767   main
000008c1   CANMessageSet
000009fd   GPIOPadConfigSet
00000b2d   SysCtlClockGet
00000c45   SysCtlClockSet
00000d35   __aeabi_memcpy
00000d35   __aeabi_memcpy4
00000d35   __aeabi_memcpy8
00000d35   memcpy
00000dd1   __TI_auto_init
00000e65   CANBitRateSet
00000ecd   IntEnable
00000f8d   GPIOPinConfigure
00000fd5   _c_int00
0000101d   copy_in
00001061   __aeabi_uidivmod
000010a3   CANStatusGet
000010e3   UARTConfigSetExpClk
00001125   C$$EXIT
00001129   abort
00001131   exit
00001165   CANInit
000011a1   SysCtlPeripheralEnable
000011d5   SysCtlPeripheralPresent
00001209   GPIODirModeSet
00001257   CANIntClear
00001279   CANIntStatus
00001299   UARTDisable
000012b5   _args_main
000012cd   UARTEnable
000012e1   _register_unlock
000012e7   _register_lock
000012ef   _nop
000012f5   GPIOPinTypeCAN
00001307   GPIOPinTypeUART
00001319   FPUEnable
00001329   FPULazyStackingEnable
00001339   __TI_decompress_none
00001347   CPUcpsid
00001353   CPUcpsie
0000135f   ResetISR
0000136b   CANEnable
00001375   IntMasterDisable
0000137f   IntMasterEnable
00001389   UARTCharGet
00001393   UARTCharPut
0000139d   CANIntEnable
000013a5   SysCtlDelay
000013ab   __TI_decompress_rle24
00001584   __TI_Handler_Table_Base
0000158c   __TI_CINIT_Base
0000158c   __TI_Handler_Table_Limit
00001594   __TI_CINIT_Limit
20000000   __stack
20000200   __STACK_END
20000200   __STACK_TOP
20000200   g_ulMsgCount_TX
20000204   g_ulMsgCount_RX
20000208   g_bErrFlag
2000020c   g_bRXFlag
20000210   _lock
20000214   _unlock
20000218   _cleanup_ptr
2000021c   _dtors_ptr
20000228   main_func_sp
ffffffff   __binit__
ffffffff   __c_args__
ffffffff   binit
UNDEFED    SHT$$INIT_ARRAY$$Base
UNDEFED    SHT$$INIT_ARRAY$$Limit

[83 symbols]
