******************************************************************************
                  TI ARM Linker PC v5.0.4                      
******************************************************************************
>> Linked Thu Dec 25 01:33:28 2014

OUTPUT FILE NAME:   <CANTX.out>
ENTRY POINT SYMBOL: "_c_int00"  address: 00001021


MEMORY CONFIGURATION

         name            origin    length      used     unused   attr    fill
----------------------  --------  ---------  --------  --------  ----  --------
  FLASH                 00000000   00040000  00001570  0003ea90  R  X
  SRAM                  20000000   00008000  00000224  00007ddc  RW X


SEGMENT ALLOCATION MAP

run origin  load origin   length   init length attrs members
----------  ----------- ---------- ----------- ----- -------
00000000    00000000    00001574   00001574    r-x
  00000000    00000000    0000026c   0000026c    r-- .intvecs
  0000026c    0000026c    00001126   00001126    r-x .text
  00001394    00001394    000001ba   000001ba    r-- .const
  00001550    00001550    00000024   00000024    r-- .cinit
20000000    20000000    00000200   00000000    rw-
  20000000    20000000    00000200   00000000    rw- .stack
20000200    20000200    00000024   00000024    rw-
  20000200    20000200    00000024   00000024    rw- .data


SECTION ALLOCATION MAP

 output                                  attributes/
section   page    origin      length       input sections
--------  ----  ----------  ----------   ----------------
.intvecs   0    00000000    0000026c     
                  00000000    0000026c     startup_ccs.obj (.intvecs)

.init_array 
*          0    00000000    00000000     UNINITIALIZED

.text      0    0000026c    00001126     
                  0000026c    0000049c     uartstdio.obj (.text)
                  00000708    00000204     main.obj (.text)
                  0000090c    0000013c     driverlib.lib : can.obj (.text:CANMessageSet)
                  00000a48    00000130                   : gpio.obj (.text:GPIOPadConfigSet)
                  00000b78    00000118                   : sysctl.obj (.text:SysCtlClockGet)
                  00000c90    000000f0                   : sysctl.obj (.text:SysCtlClockSet)
                  00000d80    0000009c     rtsv7M4_T_le_v4SPD16_eabi.lib : memcpy_t2.obj (.text)
                  00000e1c    00000094                                   : auto_init.obj (.text)
                  00000eb0    00000068     driverlib.lib : can.obj (.text:CANBitRateSet)
                  00000f18    00000060                   : interrupt.obj (.text:IntEnable)
                  00000f78    0000005e     rtsv7M4_T_le_v4SPD16_eabi.lib : copy_decompress_rle.obj (.text)
                  00000fd6    00000002     --HOLE-- [fill = 0]
                  00000fd8    00000048     driverlib.lib : gpio.obj (.text:GPIOPinConfigure)
                  00001020    00000048     rtsv7M4_T_le_v4SPD16_eabi.lib : boot.obj (.text)
                  00001068    00000044                                   : cpy_tbl.obj (.text)
                  000010ac    00000042                                   : u_divt2.obj (.text)
                  000010ee    00000040     driverlib.lib : can.obj (.text:CANStatusGet)
                  0000112e    00000002     --HOLE-- [fill = 0]
                  00001130    00000040     rtsv7M4_T_le_v4SPD16_eabi.lib : exit.obj (.text)
                  00001170    0000003a     driverlib.lib : can.obj (.text:CANInit)
                  000011aa    00000002     --HOLE-- [fill = 0]
                  000011ac    00000034                   : sysctl.obj (.text:SysCtlPeripheralEnable)
                  000011e0    00000030     led.obj (.text)
                  00001210    0000002a     driverlib.lib : gpio.obj (.text:GPIODirModeSet)
                  0000123a    00000024                   : can.obj (.text:_CANDataRegWrite)
                  0000125e    00000022                   : can.obj (.text:CANIntClear)
                  00001280    0000001e                   : can.obj (.text:CANIntStatus)
                  0000129e    00000018                   : gpio.obj (.text:GPIOPinTypeGPIOOutput)
                  000012b6    00000002     --HOLE-- [fill = 0]
                  000012b8    00000018     rtsv7M4_T_le_v4SPD16_eabi.lib : args_main.obj (.text)
                  000012d0    00000014                                   : _lock.obj (.text)
                  000012e4    00000012     driverlib.lib : gpio.obj (.text:GPIOPinTypeCAN)
                  000012f6    00000012                   : gpio.obj (.text:GPIOPinTypeUART)
                  00001308    00000010                   : fpu.obj (.text:FPUEnable)
                  00001318    00000010                   : fpu.obj (.text:FPULazyStackingEnable)
                  00001328    0000000e     rtsv7M4_T_le_v4SPD16_eabi.lib : copy_decompress_none.obj (.text:decompress:none)
                  00001336    0000000c     driverlib.lib : cpu.obj (.text:CPUcpsid)
                  00001342    0000000c                   : cpu.obj (.text:CPUcpsie)
                  0000134e    0000000c     startup_ccs.obj (.text)
                  0000135a    0000000a     driverlib.lib : can.obj (.text:CANEnable)
                  00001364    0000000a                   : interrupt.obj (.text:IntMasterDisable)
                  0000136e    0000000a                   : interrupt.obj (.text:IntMasterEnable)
                  00001378    00000008                   : can.obj (.text:CANIntEnable)
                  00001380    00000006                   : gpio.obj (.text:GPIOPinWrite)
                  00001386    00000006                   : sysctl.obj (.text:SysCtlDelay)
                  0000138c    00000006     rtsv7M4_T_le_v4SPD16_eabi.lib : copy_decompress_rle.obj (.text:decompress:rle24)

.const     0    00001394    000001ba     
                  00001394    00000090     driverlib.lib : gpio.obj (.const:g_pui32GPIOBaseAddrs)
                  00001424    00000070                   : interrupt.obj (.const)
                  00001494    0000006c                   : sysctl.obj (.const:g_pui32Xtals)
                  00001500    00000020                   : can.obj (.const)
                  00001520    0000001c     uartstdio.obj (.const)
                  0000153c    00000012     uartstdio.obj (.const:.string)

.cinit     0    00001550    00000024     
                  00001550    00000012     (.cinit..data.load) [load image, compression = rle]
                  00001562    00000002     --HOLE-- [fill = 0]
                  00001564    00000008     (__TI_handler_table)
                  0000156c    00000008     (__TI_cinit_table)

.stack     0    20000000    00000200     UNINITIALIZED
                  20000000    00000200     --HOLE--

.data      0    20000200    00000024     
                  20000200    00000008     main.obj (.data)
                  20000208    00000008     rtsv7M4_T_le_v4SPD16_eabi.lib : _lock.obj (.data)
                  20000210    00000008                                   : exit.obj (.data)
                  20000218    00000005     uartstdio.obj (.data)
                  2000021d    00000003     --HOLE--
                  20000220    00000004     rtsv7M4_T_le_v4SPD16_eabi.lib : stkdepth_vars.obj (.data)


LINKER GENERATED COPY TABLES

__TI_cinit_table @ 0000156c records: 1, size/record: 8, table size: 8
	.data: load addr=00001550, load size=00000012 bytes, run addr=20000200, run size=00000024 bytes, compression=rle


LINKER GENERATED HANDLER TABLE

__TI_handler_table @ 00001564 records: 2, size/record: 4, table size: 8
	index: 0, handler: __TI_decompress_rle24
	index: 1, handler: __TI_decompress_none


GLOBAL SYMBOLS: SORTED ALPHABETICALLY BY Name 

address    name
--------   ----
00001131   C$$EXIT
00000eb1   CANBitRateSet
0000135b   CANEnable
00001171   CANInit
0000125f   CANIntClear
00001379   CANIntEnable
00000753   CANIntHandler
00001281   CANIntStatus
0000090d   CANMessageSet
000010ef   CANStatusGet
00001337   CPUcpsid
00001343   CPUcpsie
00001309   FPUEnable
00001319   FPULazyStackingEnable
00001211   GPIODirModeSet
00000a49   GPIOPadConfigSet
00000fd9   GPIOPinConfigure
000012e5   GPIOPinTypeCAN
0000129f   GPIOPinTypeGPIOOutput
000012f7   GPIOPinTypeUART
00001381   GPIOPinWrite
00000709   InitConsole
000011e1   InitLED
00000f19   IntEnable
00001365   IntMasterDisable
0000136f   IntMasterEnable
0000134f   ResetISR
UNDEFED    SHT$$INIT_ARRAY$$Base
UNDEFED    SHT$$INIT_ARRAY$$Limit
00000737   SimpleDelay
00000b79   SysCtlClockGet
00000c91   SysCtlClockSet
00001387   SysCtlDelay
000011ad   SysCtlPeripheralEnable
0000026d   UARTStdioConfig
000003d5   UARTgetc
00000313   UARTgets
000006d5   UARTprintf
00000409   UARTvprintf
000002c5   UARTwrite
20000200   __STACK_END
00000200   __STACK_SIZE
20000200   __STACK_TOP
0000156c   __TI_CINIT_Base
00001574   __TI_CINIT_Limit
00001564   __TI_Handler_Table_Base
0000156c   __TI_Handler_Table_Limit
00000001   __TI_args_main
00000e1d   __TI_auto_init
00001329   __TI_decompress_none
0000138d   __TI_decompress_rle24
00000000   __TI_static_base__
00000d81   __aeabi_memcpy
00000d81   __aeabi_memcpy4
00000d81   __aeabi_memcpy8
000010ad   __aeabi_uidivmod
ffffffff   __binit__
ffffffff   __c_args__
20000000   __stack
000012b9   _args_main
00001021   _c_int00
20000210   _cleanup_ptr
20000214   _dtors_ptr
20000208   _lock
000012df   _nop
000012d7   _register_lock
000012d1   _register_unlock
2000020c   _unlock
00001135   abort
ffffffff   binit
00001069   copy_in
0000113d   exit
20000204   g_bErrFlag
00000000   g_pfnVectors
20000200   g_ulMsgCount_TX
00000797   main
20000220   main_func_sp
00000d81   memcpy


GLOBAL SYMBOLS: SORTED BY Symbol Address 

address    name
--------   ----
00000000   __TI_static_base__
00000000   g_pfnVectors
00000001   __TI_args_main
00000200   __STACK_SIZE
0000026d   UARTStdioConfig
000002c5   UARTwrite
00000313   UARTgets
000003d5   UARTgetc
00000409   UARTvprintf
000006d5   UARTprintf
00000709   InitConsole
00000737   SimpleDelay
00000753   CANIntHandler
00000797   main
0000090d   CANMessageSet
00000a49   GPIOPadConfigSet
00000b79   SysCtlClockGet
00000c91   SysCtlClockSet
00000d81   __aeabi_memcpy
00000d81   __aeabi_memcpy4
00000d81   __aeabi_memcpy8
00000d81   memcpy
00000e1d   __TI_auto_init
00000eb1   CANBitRateSet
00000f19   IntEnable
00000fd9   GPIOPinConfigure
00001021   _c_int00
00001069   copy_in
000010ad   __aeabi_uidivmod
000010ef   CANStatusGet
00001131   C$$EXIT
00001135   abort
0000113d   exit
00001171   CANInit
000011ad   SysCtlPeripheralEnable
000011e1   InitLED
00001211   GPIODirModeSet
0000125f   CANIntClear
00001281   CANIntStatus
0000129f   GPIOPinTypeGPIOOutput
000012b9   _args_main
000012d1   _register_unlock
000012d7   _register_lock
000012df   _nop
000012e5   GPIOPinTypeCAN
000012f7   GPIOPinTypeUART
00001309   FPUEnable
00001319   FPULazyStackingEnable
00001329   __TI_decompress_none
00001337   CPUcpsid
00001343   CPUcpsie
0000134f   ResetISR
0000135b   CANEnable
00001365   IntMasterDisable
0000136f   IntMasterEnable
00001379   CANIntEnable
00001381   GPIOPinWrite
00001387   SysCtlDelay
0000138d   __TI_decompress_rle24
00001564   __TI_Handler_Table_Base
0000156c   __TI_CINIT_Base
0000156c   __TI_Handler_Table_Limit
00001574   __TI_CINIT_Limit
20000000   __stack
20000200   __STACK_END
20000200   __STACK_TOP
20000200   g_ulMsgCount_TX
20000204   g_bErrFlag
20000208   _lock
2000020c   _unlock
20000210   _cleanup_ptr
20000214   _dtors_ptr
20000220   main_func_sp
ffffffff   __binit__
ffffffff   __c_args__
ffffffff   binit
UNDEFED    SHT$$INIT_ARRAY$$Base
UNDEFED    SHT$$INIT_ARRAY$$Limit

[78 symbols]
