******************************************************************************
                  TI ARM Linker PC v5.0.4                      
******************************************************************************
>> Linked Wed Sep 10 13:30:02 2014

OUTPUT FILE NAME:   <PT100.out>
ENTRY POINT SYMBOL: "_c_int00"  address: 0000143d


MEMORY CONFIGURATION

         name            origin    length      used     unused   attr    fill
----------------------  --------  ---------  --------  --------  ----  --------
  FLASH                 00000000   00040000  00001a3e  0003e5c2  R  X
  SRAM                  20000000   00008000  00000358  00007ca8  RW X


SEGMENT ALLOCATION MAP

run origin  load origin   length   init length attrs members
----------  ----------- ---------- ----------- ----- -------
00000000    00000000    00001a44   00001a44    r-x
  00000000    00000000    000018c0   000018c0    r-x .text
  000018c0    000018c0    0000012a   0000012a    r-- .const
  000019f0    000019f0    00000054   00000054    r-- .cinit
20000000    20000000    00000200   00000000    rw-
  20000000    20000000    00000200   00000000    rw- .stack
20000200    20000200    00000158   00000158    rw-
  20000200    20000200    00000158   00000158    rw- .data


SECTION ALLOCATION MAP

 output                                  attributes/
section   page    origin      length       input sections
--------  ----  ----------  ----------   ----------------
.text      0    00000000    000018c0     
                  00000000    0000046c     uartstdio.obj (.text)
                  0000046c    000002d8     main.obj (.text)
                  00000744    000001b6     rtsv7M4_T_le_v4SPD16_eabi.lib : fd_add_t2.obj (.text)
                  000008fa    00000002     --HOLE-- [fill = 0]
                  000008fc    00000154                                   : sqrt.obj (.text)
                  00000a50    00000136                                   : fd_div_t2.obj (.text)
                  00000b86    00000130     driverlib.lib : gpio.obj (.text:GPIOPadConfigSet)
                  00000cb6    00000002     --HOLE-- [fill = 0]
                  00000cb8    00000118                   : sysctl.obj (.text:SysCtlClockGet)
                  00000dd0    00000104     rtsv7M4_T_le_v4SPD16_eabi.lib : xdscale.obj (.text)
                  00000ed4    000000fc                                   : fd_mul_t2.obj (.text)
                  00000fd0    000000f0     driverlib.lib : sysctl.obj (.text:SysCtlClockSet)
                  000010c0    000000be     rtsv7M4_T_le_v4SPD16_eabi.lib : xdnorm.obj (.text)
                  0000117e    0000009c                                   : memcpy_t2.obj (.text)
                  0000121a    00000002     --HOLE-- [fill = 0]
                  0000121c    00000094                                   : auto_init.obj (.text)
                  000012b0    00000080     driverlib.lib : adc.obj (.text:ADCSequenceStepConfigure)
                  00001330    00000064     rtsv7M4_T_le_v4SPD16_eabi.lib : xdunscal.obj (.text)
                  00001394    0000005e                                   : copy_decompress_rle.obj (.text)
                  000013f2    00000002     --HOLE-- [fill = 0]
                  000013f4    00000048     driverlib.lib : gpio.obj (.text:GPIOPinConfigure)
                  0000143c    00000048     rtsv7M4_T_le_v4SPD16_eabi.lib : boot.obj (.text)
                  00001484    00000044                                   : cpy_tbl.obj (.text)
                  000014c8    00000044                                   : fd_tou_t2.obj (.text)
                  0000150c    00000042                                   : u_divt2.obj (.text)
                  0000154e    00000040     driverlib.lib : uart.obj (.text:UARTConfigSetExpClk)
                  0000158e    00000002     --HOLE-- [fill = 0]
                  00001590    00000040     rtsv7M4_T_le_v4SPD16_eabi.lib : exit.obj (.text)
                  000015d0    00000040                                   : signal.obj (.text)
                  00001610    0000003e     driverlib.lib : adc.obj (.text:ADCSequenceConfigure)
                  0000164e    00000002     --HOLE-- [fill = 0]
                  00001650    00000034                   : sysctl.obj (.text:SysCtlPeripheralEnable)
                  00001684    00000034                   : sysctl.obj (.text:SysCtlPeripheralPresent)
                  000016b8    00000030     rtsv7M4_T_le_v4SPD16_eabi.lib : feraiseexcept.obj (.text)
                  000016e8    00000030                                   : xferaise.obj (.text)
                  00001718    0000002e     driverlib.lib : adc.obj (.text:ADCIntStatus)
                  00001746    0000002e     rtsv7M4_T_le_v4SPD16_eabi.lib : raise.obj (.text)
                  00001774    0000002a     driverlib.lib : gpio.obj (.text:GPIODirModeSet)
                  0000179e    00000020     rtsv7M4_T_le_v4SPD16_eabi.lib : u_tofd_t2.obj (.text)
                  000017be    0000001e     driverlib.lib : adc.obj (.text:ADCSequenceDataGet)
                  000017dc    0000001c                   : uart.obj (.text:UARTDisable)
                  000017f8    00000018     rtsv7M4_T_le_v4SPD16_eabi.lib : args_main.obj (.text)
                  00001810    00000016     driverlib.lib : adc.obj (.text:ADCProcessorTrigger)
                  00001826    00000014                   : uart.obj (.text:UARTEnable)
                  0000183a    00000002     --HOLE-- [fill = 0]
                  0000183c    00000014     rtsv7M4_T_le_v4SPD16_eabi.lib : _lock.obj (.text)
                  00001850    00000012     driverlib.lib : gpio.obj (.text:GPIOPinTypeADC)
                  00001862    00000012                   : gpio.obj (.text:GPIOPinTypeUART)
                  00001874    0000000e                   : adc.obj (.text:ADCSequenceEnable)
                  00001882    0000000e     rtsv7M4_T_le_v4SPD16_eabi.lib : copy_decompress_none.obj (.text:decompress:none)
                  00001890    0000000a     driverlib.lib : adc.obj (.text:ADCIntClear)
                  0000189a    0000000a                   : uart.obj (.text:UARTCharGet)
                  000018a4    0000000a                   : uart.obj (.text:UARTCharPut)
                  000018ae    00000006                   : sysctl.obj (.text:SysCtlDelay)
                  000018b4    00000006                   : uart.obj (.text:UARTClockSourceSet)
                  000018ba    00000006     rtsv7M4_T_le_v4SPD16_eabi.lib : copy_decompress_rle.obj (.text:decompress:rle24)

.init_array 
*          0    00000000    00000000     UNINITIALIZED

.const     0    000018c0    0000012a     
                  000018c0    00000090     driverlib.lib : gpio.obj (.const:g_pui32GPIOBaseAddrs)
                  00001950    0000006c                   : sysctl.obj (.const:g_pui32Xtals)
                  000019bc    0000001c     uartstdio.obj (.const)
                  000019d8    00000012     uartstdio.obj (.const:.string)

.cinit     0    000019f0    00000054     
                  000019f0    00000041     (.cinit..data.load) [load image, compression = rle]
                  00001a31    00000003     --HOLE-- [fill = 0]
                  00001a34    00000008     (__TI_handler_table)
                  00001a3c    00000008     (__TI_cinit_table)

.stack     0    20000000    00000200     UNINITIALIZED
                  20000000    00000200     --HOLE--

.data      0    20000200    00000158     
                  20000200    000000b0     rtsv7M4_T_le_v4SPD16_eabi.lib : signal.obj (.data:sigtable)
                  200002b0    00000080                                   : xvalues.obj (.data)
                  20000330    00000008                                   : _lock.obj (.data)
                  20000338    00000008                                   : exit.obj (.data)
                  20000340    00000008                                   : feraiseexcept.obj (.data)
                  20000348    00000005     uartstdio.obj (.data)
                  2000034d    00000003     --HOLE--
                  20000350    00000004     rtsv7M4_T_le_v4SPD16_eabi.lib : errno.obj (.data)
                  20000354    00000004                                   : stkdepth_vars.obj (.data)


LINKER GENERATED COPY TABLES

__TI_cinit_table @ 00001a3c records: 1, size/record: 8, table size: 8
	.data: load addr=000019f0, load size=00000041 bytes, run addr=20000200, run size=00000158 bytes, compression=rle


LINKER GENERATED HANDLER TABLE

__TI_handler_table @ 00001a34 records: 2, size/record: 4, table size: 8
	index: 0, handler: __TI_decompress_rle24
	index: 1, handler: __TI_decompress_none


GLOBAL SYMBOLS: SORTED ALPHABETICALLY BY Name 

address    name
--------   ----
00001891   ADCIntClear
00001719   ADCIntStatus
00001811   ADCProcessorTrigger
00001611   ADCSequenceConfigure
000017bf   ADCSequenceDataGet
00001875   ADCSequenceEnable
000012b1   ADCSequenceStepConfigure
00001591   C$$EXIT
00001775   GPIODirModeSet
00000b87   GPIOPadConfigSet
000013f5   GPIOPinConfigure
00001851   GPIOPinTypeADC
00001863   GPIOPinTypeUART
0000046d   InitConsole
UNDEFED    SHT$$INIT_ARRAY$$Base
UNDEFED    SHT$$INIT_ARRAY$$Limit
00000cb9   SysCtlClockGet
00000fd1   SysCtlClockSet
000018af   SysCtlDelay
00001651   SysCtlPeripheralEnable
00001685   SysCtlPeripheralPresent
0000189b   UARTCharGet
000018a5   UARTCharPut
000018b5   UARTClockSourceSet
0000154f   UARTConfigSetExpClk
000017dd   UARTDisable
00001827   UARTEnable
00000001   UARTStdioConfig
00000147   UARTgetc
0000008d   UARTgets
00000439   UARTprintf
0000016d   UARTvprintf
00000047   UARTwrite
200002b0   _Denorm
000010c1   _Dnorm
00000dd1   _Dscale
00001331   _Dunscale
200002c0   _Eps
20000350   _Errno
20000340   _Fenv
000016e9   _Feraise
200002d0   _Hugeval
200002e0   _Inf
200002f0   _Nan
20000310   _Rteps
20000300   _Snan
20000344   _Tls_setup__Fenv
20000320   _Xbig
20000328   _Zero
20000200   __STACK_END
00000200   __STACK_SIZE
20000200   __STACK_TOP
00001a3c   __TI_CINIT_Base
00001a44   __TI_CINIT_Limit
00001a34   __TI_Handler_Table_Base
00001a3c   __TI_Handler_Table_Limit
00000001   __TI_args_main
0000121d   __TI_auto_init
00001883   __TI_decompress_none
000018bb   __TI_decompress_rle24
00000000   __TI_static_base__
000014c9   __aeabi_d2uiz
0000074f   __aeabi_dadd
00000a51   __aeabi_ddiv
00000ed5   __aeabi_dmul
00000745   __aeabi_dsub
0000117f   __aeabi_memcpy
0000117f   __aeabi_memcpy4
0000117f   __aeabi_memcpy8
0000179f   __aeabi_ui2d
0000150d   __aeabi_uidivmod
ffffffff   __binit__
ffffffff   __c_args__
20000000   __stack
000017f9   _args_main
0000143d   _c_int00
20000338   _cleanup_ptr
2000033c   _dtors_ptr
20000330   _lock
0000184b   _nop
00001843   _register_lock
0000183d   _register_unlock
20000334   _unlock
00001595   abort
ffffffff   binit
00001485   copy_in
0000159d   exit
000016b9   feraiseexcept
000004a9   main
20000354   main_func_sp
0000117f   memcpy
00001747   raise
000015d1   signal
000008fd   sqrt


GLOBAL SYMBOLS: SORTED BY Symbol Address 

address    name
--------   ----
00000000   __TI_static_base__
00000001   UARTStdioConfig
00000001   __TI_args_main
00000047   UARTwrite
0000008d   UARTgets
00000147   UARTgetc
0000016d   UARTvprintf
00000200   __STACK_SIZE
00000439   UARTprintf
0000046d   InitConsole
000004a9   main
00000745   __aeabi_dsub
0000074f   __aeabi_dadd
000008fd   sqrt
00000a51   __aeabi_ddiv
00000b87   GPIOPadConfigSet
00000cb9   SysCtlClockGet
00000dd1   _Dscale
00000ed5   __aeabi_dmul
00000fd1   SysCtlClockSet
000010c1   _Dnorm
0000117f   __aeabi_memcpy
0000117f   __aeabi_memcpy4
0000117f   __aeabi_memcpy8
0000117f   memcpy
0000121d   __TI_auto_init
000012b1   ADCSequenceStepConfigure
00001331   _Dunscale
000013f5   GPIOPinConfigure
0000143d   _c_int00
00001485   copy_in
000014c9   __aeabi_d2uiz
0000150d   __aeabi_uidivmod
0000154f   UARTConfigSetExpClk
00001591   C$$EXIT
00001595   abort
0000159d   exit
000015d1   signal
00001611   ADCSequenceConfigure
00001651   SysCtlPeripheralEnable
00001685   SysCtlPeripheralPresent
000016b9   feraiseexcept
000016e9   _Feraise
00001719   ADCIntStatus
00001747   raise
00001775   GPIODirModeSet
0000179f   __aeabi_ui2d
000017bf   ADCSequenceDataGet
000017dd   UARTDisable
000017f9   _args_main
00001811   ADCProcessorTrigger
00001827   UARTEnable
0000183d   _register_unlock
00001843   _register_lock
0000184b   _nop
00001851   GPIOPinTypeADC
00001863   GPIOPinTypeUART
00001875   ADCSequenceEnable
00001883   __TI_decompress_none
00001891   ADCIntClear
0000189b   UARTCharGet
000018a5   UARTCharPut
000018af   SysCtlDelay
000018b5   UARTClockSourceSet
000018bb   __TI_decompress_rle24
00001a34   __TI_Handler_Table_Base
00001a3c   __TI_CINIT_Base
00001a3c   __TI_Handler_Table_Limit
00001a44   __TI_CINIT_Limit
20000000   __stack
20000200   __STACK_END
20000200   __STACK_TOP
200002b0   _Denorm
200002c0   _Eps
200002d0   _Hugeval
200002e0   _Inf
200002f0   _Nan
20000300   _Snan
20000310   _Rteps
20000320   _Xbig
20000328   _Zero
20000330   _lock
20000334   _unlock
20000338   _cleanup_ptr
2000033c   _dtors_ptr
20000340   _Fenv
20000344   _Tls_setup__Fenv
20000350   _Errno
20000354   main_func_sp
ffffffff   __binit__
ffffffff   __c_args__
ffffffff   binit
UNDEFED    SHT$$INIT_ARRAY$$Base
UNDEFED    SHT$$INIT_ARRAY$$Limit

[94 symbols]
