******************************************************************************
                  TI ARM Linker PC v5.0.4                      
******************************************************************************
>> Linked Thu Dec 25 01:32:54 2014

OUTPUT FILE NAME:   <DS18B20.out>
ENTRY POINT SYMBOL: "_c_int00"  address: 00000e9d


MEMORY CONFIGURATION

         name            origin    length      used     unused   attr    fill
----------------------  --------  ---------  --------  --------  ----  --------
  FLASH                 00000000   00040000  000012cc  0003ed34  R  X
  SRAM                  20000000   00008000  0000021c  00007de4  RW X


SEGMENT ALLOCATION MAP

run origin  load origin   length   init length attrs members
----------  ----------- ---------- ----------- ----- -------
00000000    00000000    000012d0   000012d0    r-x
  00000000    00000000    000011ee   000011ee    r-x .text
  000011f0    000011f0    000000be   000000be    r-- .const
  000012b0    000012b0    00000020   00000020    r-- .cinit
20000000    20000000    00000200   00000000    rw-
  20000000    20000000    00000200   00000000    rw- .stack
20000200    20000200    0000001c   0000001c    rw-
  20000200    20000200    0000001c   0000001c    rw- .data


SECTION ALLOCATION MAP

 output                                  attributes/
section   page    origin      length       input sections
--------  ----  ----------  ----------   ----------------
.text      0    00000000    000011ee     
                  00000000    0000046c     uartstdio.obj (.text)
                  0000046c    00000324     DS18B20.obj (.text)
                  00000790    00000136     rtsv7M4_T_le_v4SPD16_eabi.lib : fd_div_t2.obj (.text)
                  000008c6    00000130     driverlib.lib : gpio.obj (.text:GPIOPadConfigSet)
                  000009f6    000000fc     rtsv7M4_T_le_v4SPD16_eabi.lib : fd_mul_t2.obj (.text)
                  00000af2    00000002     --HOLE-- [fill = 0]
                  00000af4    000000f0     driverlib.lib : sysctl.obj (.text:SysCtlClockSet)
                  00000be4    000000e0     main.obj (.text)
                  00000cc4    0000009c     rtsv7M4_T_le_v4SPD16_eabi.lib : memcpy_t2.obj (.text)
                  00000d60    00000094                                   : auto_init.obj (.text)
                  00000df4    0000005e                                   : copy_decompress_rle.obj (.text)
                  00000e52    00000002     --HOLE-- [fill = 0]
                  00000e54    00000048     driverlib.lib : gpio.obj (.text:GPIOPinConfigure)
                  00000e9c    00000048     rtsv7M4_T_le_v4SPD16_eabi.lib : boot.obj (.text)
                  00000ee4    00000044                                   : cpy_tbl.obj (.text)
                  00000f28    00000044                                   : fd_tou_t2.obj (.text)
                  00000f6c    00000042                                   : u_divt2.obj (.text)
                  00000fae    00000040     driverlib.lib : uart.obj (.text:UARTConfigSetExpClk)
                  00000fee    00000002     --HOLE-- [fill = 0]
                  00000ff0    00000040     rtsv7M4_T_le_v4SPD16_eabi.lib : exit.obj (.text)
                  00001030    00000038                                   : fs_tod_t2.obj (.text)
                  00001068    00000034     driverlib.lib : sysctl.obj (.text:SysCtlPeripheralEnable)
                  0000109c    00000034                   : sysctl.obj (.text:SysCtlPeripheralPresent)
                  000010d0    0000002a                   : gpio.obj (.text:GPIODirModeSet)
                  000010fa    00000020     rtsv7M4_T_le_v4SPD16_eabi.lib : u_tofd_t2.obj (.text)
                  0000111a    00000002     --HOLE-- [fill = 0]
                  0000111c    0000001c     driverlib.lib : uart.obj (.text:UARTDisable)
                  00001138    00000018                   : gpio.obj (.text:GPIOPinTypeGPIOOutput)
                  00001150    00000018     rtsv7M4_T_le_v4SPD16_eabi.lib : args_main.obj (.text)
                  00001168    00000014     driverlib.lib : uart.obj (.text:UARTEnable)
                  0000117c    00000014     rtsv7M4_T_le_v4SPD16_eabi.lib : _lock.obj (.text)
                  00001190    00000012     driverlib.lib : gpio.obj (.text:GPIOPinTypeGPIOInput)
                  000011a2    00000012                   : gpio.obj (.text:GPIOPinTypeUART)
                  000011b4    0000000e     rtsv7M4_T_le_v4SPD16_eabi.lib : copy_decompress_none.obj (.text:decompress:none)
                  000011c2    0000000a     driverlib.lib : uart.obj (.text:UARTCharGet)
                  000011cc    0000000a                   : uart.obj (.text:UARTCharPut)
                  000011d6    00000006                   : gpio.obj (.text:GPIOPinRead)
                  000011dc    00000006                   : gpio.obj (.text:GPIOPinWrite)
                  000011e2    00000006                   : sysctl.obj (.text:SysCtlDelay)
                  000011e8    00000006     rtsv7M4_T_le_v4SPD16_eabi.lib : copy_decompress_rle.obj (.text:decompress:rle24)

.init_array 
*          0    00000000    00000000     UNINITIALIZED

.const     0    000011f0    000000be     
                  000011f0    00000090     driverlib.lib : gpio.obj (.const:g_pui32GPIOBaseAddrs)
                  00001280    0000001c     uartstdio.obj (.const)
                  0000129c    00000012     uartstdio.obj (.const:.string)

.cinit     0    000012b0    00000020     
                  000012b0    0000000f     (.cinit..data.load) [load image, compression = rle]
                  000012bf    00000001     --HOLE-- [fill = 0]
                  000012c0    00000008     (__TI_handler_table)
                  000012c8    00000008     (__TI_cinit_table)

.stack     0    20000000    00000200     UNINITIALIZED
                  20000000    00000200     --HOLE--

.data      0    20000200    0000001c     
                  20000200    00000008     rtsv7M4_T_le_v4SPD16_eabi.lib : _lock.obj (.data)
                  20000208    00000008                                   : exit.obj (.data)
                  20000210    00000005     uartstdio.obj (.data)
                  20000215    00000003     --HOLE--
                  20000218    00000004     rtsv7M4_T_le_v4SPD16_eabi.lib : stkdepth_vars.obj (.data)


LINKER GENERATED COPY TABLES

__TI_cinit_table @ 000012c8 records: 1, size/record: 8, table size: 8
	.data: load addr=000012b0, load size=0000000f bytes, run addr=20000200, run size=0000001c bytes, compression=rle


LINKER GENERATED HANDLER TABLE

__TI_handler_table @ 000012c0 records: 2, size/record: 4, table size: 8
	index: 0, handler: __TI_decompress_rle24
	index: 1, handler: __TI_decompress_none


GLOBAL SYMBOLS: SORTED ALPHABETICALLY BY Name 

address    name
--------   ----
00000ff1   C$$EXIT
000004a1   DS18B20_Check
000006df   DS18B20_Get_Temp
000006b7   DS18B20_Init
00000545   DS18B20_Read_Bit
000005b5   DS18B20_Read_Byte
0000046d   DS18B20_Reset
0000069f   DS18B20_Start_Convert
000005fd   DS18B20_Write_Byte
000010d1   GPIODirModeSet
000008c7   GPIOPadConfigSet
00000e55   GPIOPinConfigure
000011d7   GPIOPinRead
00001191   GPIOPinTypeGPIOInput
00001139   GPIOPinTypeGPIOOutput
000011a3   GPIOPinTypeUART
000011dd   GPIOPinWrite
00000be5   InitConsole
UNDEFED    SHT$$INIT_ARRAY$$Base
UNDEFED    SHT$$INIT_ARRAY$$Limit
00000af5   SysCtlClockSet
000011e3   SysCtlDelay
00001069   SysCtlPeripheralEnable
0000109d   SysCtlPeripheralPresent
000011c3   UARTCharGet
000011cd   UARTCharPut
00000faf   UARTConfigSetExpClk
0000111d   UARTDisable
00001169   UARTEnable
00000001   UARTStdioConfig
00000147   UARTgetc
0000008d   UARTgets
00000439   UARTprintf
0000016d   UARTvprintf
00000047   UARTwrite
20000200   __STACK_END
00000200   __STACK_SIZE
20000200   __STACK_TOP
000012c8   __TI_CINIT_Base
000012d0   __TI_CINIT_Limit
000012c0   __TI_Handler_Table_Base
000012c8   __TI_Handler_Table_Limit
00000001   __TI_args_main
00000d61   __TI_auto_init
000011b5   __TI_decompress_none
000011e9   __TI_decompress_rle24
00000000   __TI_static_base__
00000f29   __aeabi_d2uiz
00000791   __aeabi_ddiv
000009f7   __aeabi_dmul
00001031   __aeabi_f2d
00000cc5   __aeabi_memcpy
00000cc5   __aeabi_memcpy4
00000cc5   __aeabi_memcpy8
000010fb   __aeabi_ui2d
00000f6d   __aeabi_uidivmod
ffffffff   __binit__
ffffffff   __c_args__
20000000   __stack
00001151   _args_main
00000e9d   _c_int00
20000208   _cleanup_ptr
2000020c   _dtors_ptr
20000200   _lock
0000118b   _nop
00001183   _register_lock
0000117d   _register_unlock
20000204   _unlock
00000ff5   abort
ffffffff   binit
00000ee5   copy_in
00000ffd   exit
00000c13   main
20000218   main_func_sp
00000cc5   memcpy


GLOBAL SYMBOLS: SORTED BY Symbol Address 

address    name
--------   ----
00000000   __TI_static_base__
00000001   UARTStdioConfig
00000001   __TI_args_main
00000047   UARTwrite
0000008d   UARTgets
00000147   UARTgetc
0000016d   UARTvprintf
00000200   __STACK_SIZE
00000439   UARTprintf
0000046d   DS18B20_Reset
000004a1   DS18B20_Check
00000545   DS18B20_Read_Bit
000005b5   DS18B20_Read_Byte
000005fd   DS18B20_Write_Byte
0000069f   DS18B20_Start_Convert
000006b7   DS18B20_Init
000006df   DS18B20_Get_Temp
00000791   __aeabi_ddiv
000008c7   GPIOPadConfigSet
000009f7   __aeabi_dmul
00000af5   SysCtlClockSet
00000be5   InitConsole
00000c13   main
00000cc5   __aeabi_memcpy
00000cc5   __aeabi_memcpy4
00000cc5   __aeabi_memcpy8
00000cc5   memcpy
00000d61   __TI_auto_init
00000e55   GPIOPinConfigure
00000e9d   _c_int00
00000ee5   copy_in
00000f29   __aeabi_d2uiz
00000f6d   __aeabi_uidivmod
00000faf   UARTConfigSetExpClk
00000ff1   C$$EXIT
00000ff5   abort
00000ffd   exit
00001031   __aeabi_f2d
00001069   SysCtlPeripheralEnable
0000109d   SysCtlPeripheralPresent
000010d1   GPIODirModeSet
000010fb   __aeabi_ui2d
0000111d   UARTDisable
00001139   GPIOPinTypeGPIOOutput
00001151   _args_main
00001169   UARTEnable
0000117d   _register_unlock
00001183   _register_lock
0000118b   _nop
00001191   GPIOPinTypeGPIOInput
000011a3   GPIOPinTypeUART
000011b5   __TI_decompress_none
000011c3   UARTCharGet
000011cd   UARTCharPut
000011d7   GPIOPinRead
000011dd   GPIOPinWrite
000011e3   SysCtlDelay
000011e9   __TI_decompress_rle24
000012c0   __TI_Handler_Table_Base
000012c8   __TI_CINIT_Base
000012c8   __TI_Handler_Table_Limit
000012d0   __TI_CINIT_Limit
20000000   __stack
20000200   __STACK_END
20000200   __STACK_TOP
20000200   _lock
20000204   _unlock
20000208   _cleanup_ptr
2000020c   _dtors_ptr
20000218   main_func_sp
ffffffff   __binit__
ffffffff   __c_args__
ffffffff   binit
UNDEFED    SHT$$INIT_ARRAY$$Base
UNDEFED    SHT$$INIT_ARRAY$$Limit

[75 symbols]
