******************************************************************************
                  TI ARM Linker PC v5.0.4                      
******************************************************************************
>> Linked Thu Dec 25 01:32:47 2014

OUTPUT FILE NAME:   <SIM.out>
ENTRY POINT SYMBOL: "_c_int00"  address: 00000b45


MEMORY CONFIGURATION

         name            origin    length      used     unused   attr    fill
----------------------  --------  ---------  --------  --------  ----  --------
  FLASH                 00000000   00040000  00000e7e  0003f182  R  X
  SRAM                  20000000   00008000  0000021c  00007de4  RW X


SEGMENT ALLOCATION MAP

run origin  load origin   length   init length attrs members
----------  ----------- ---------- ----------- ----- -------
00000000    00000000    00000e80   00000e80    r-x
  00000000    00000000    00000d34   00000d34    r-x .text
  00000d34    00000d34    0000012a   0000012a    r-- .const
  00000e60    00000e60    00000020   00000020    r-- .cinit
20000000    20000000    00000200   00000000    rw-
  20000000    20000000    00000200   00000000    rw- .stack
20000200    20000200    0000001c   0000001c    rw-
  20000200    20000200    0000001c   0000001c    rw- .data


SECTION ALLOCATION MAP

 output                                  attributes/
section   page    origin      length       input sections
--------  ----  ----------  ----------   ----------------
.text      0    00000000    00000d34     
                  00000000    0000049c     uartstdio.obj (.text)
                  0000049c    00000198     main.obj (.text)
                  00000634    00000130     driverlib.lib : gpio.obj (.text:GPIOPadConfigSet)
                  00000764    00000118                   : sysctl.obj (.text:SysCtlClockGet)
                  0000087c    000000f0                   : sysctl.obj (.text:SysCtlClockSet)
                  0000096c    0000009c     rtsv7M4_T_le_v4SPD16_eabi.lib : memcpy_t2.obj (.text)
                  00000a08    00000094                                   : auto_init.obj (.text)
                  00000a9c    0000005e                                   : copy_decompress_rle.obj (.text)
                  00000afa    00000002     --HOLE-- [fill = 0]
                  00000afc    00000048     driverlib.lib : gpio.obj (.text:GPIOPinConfigure)
                  00000b44    00000048     rtsv7M4_T_le_v4SPD16_eabi.lib : boot.obj (.text)
                  00000b8c    00000044                                   : cpy_tbl.obj (.text)
                  00000bd0    00000042                                   : u_divt2.obj (.text)
                  00000c12    00000002     --HOLE-- [fill = 0]
                  00000c14    00000040                                   : exit.obj (.text)
                  00000c54    00000034     driverlib.lib : sysctl.obj (.text:SysCtlPeripheralEnable)
                  00000c88    0000002a                   : gpio.obj (.text:GPIODirModeSet)
                  00000cb2    00000018                   : gpio.obj (.text:GPIOPinTypeGPIOOutput)
                  00000cca    00000002     --HOLE-- [fill = 0]
                  00000ccc    00000018     rtsv7M4_T_le_v4SPD16_eabi.lib : args_main.obj (.text)
                  00000ce4    00000014                                   : _lock.obj (.text)
                  00000cf8    00000012     driverlib.lib : gpio.obj (.text:GPIOPinTypeUART)
                  00000d0a    0000000e     rtsv7M4_T_le_v4SPD16_eabi.lib : copy_decompress_none.obj (.text:decompress:none)
                  00000d18    0000000a     driverlib.lib : uart.obj (.text:UARTCharPut)
                  00000d22    00000006                   : gpio.obj (.text:GPIOPinWrite)
                  00000d28    00000006                   : sysctl.obj (.text:SysCtlDelay)
                  00000d2e    00000006     rtsv7M4_T_le_v4SPD16_eabi.lib : copy_decompress_rle.obj (.text:decompress:rle24)

.init_array 
*          0    00000000    00000000     UNINITIALIZED

.const     0    00000d34    0000012a     
                  00000d34    00000090     driverlib.lib : gpio.obj (.const:g_pui32GPIOBaseAddrs)
                  00000dc4    0000006c                   : sysctl.obj (.const:g_pui32Xtals)
                  00000e30    0000001c     uartstdio.obj (.const)
                  00000e4c    00000012     uartstdio.obj (.const:.string)

.cinit     0    00000e60    00000020     
                  00000e60    0000000f     (.cinit..data.load) [load image, compression = rle]
                  00000e6f    00000001     --HOLE-- [fill = 0]
                  00000e70    00000008     (__TI_handler_table)
                  00000e78    00000008     (__TI_cinit_table)

.stack     0    20000000    00000200     UNINITIALIZED
                  20000000    00000200     --HOLE--

.data      0    20000200    0000001c     
                  20000200    00000008     rtsv7M4_T_le_v4SPD16_eabi.lib : _lock.obj (.data)
                  20000208    00000008                                   : exit.obj (.data)
                  20000210    00000005     uartstdio.obj (.data)
                  20000215    00000003     --HOLE--
                  20000218    00000004     rtsv7M4_T_le_v4SPD16_eabi.lib : stkdepth_vars.obj (.data)


LINKER GENERATED COPY TABLES

__TI_cinit_table @ 00000e78 records: 1, size/record: 8, table size: 8
	.data: load addr=00000e60, load size=0000000f bytes, run addr=20000200, run size=0000001c bytes, compression=rle


LINKER GENERATED HANDLER TABLE

__TI_handler_table @ 00000e70 records: 2, size/record: 4, table size: 8
	index: 0, handler: __TI_decompress_rle24
	index: 1, handler: __TI_decompress_none


GLOBAL SYMBOLS: SORTED ALPHABETICALLY BY Name 

address    name
--------   ----
00000c15   C$$EXIT
00000c89   GPIODirModeSet
00000635   GPIOPadConfigSet
00000afd   GPIOPinConfigure
00000cb3   GPIOPinTypeGPIOOutput
00000cf9   GPIOPinTypeUART
00000d23   GPIOPinWrite
0000049d   InitConsole
UNDEFED    SHT$$INIT_ARRAY$$Base
UNDEFED    SHT$$INIT_ARRAY$$Limit
00000765   SysCtlClockGet
0000087d   SysCtlClockSet
00000d29   SysCtlDelay
00000c55   SysCtlPeripheralEnable
00000d19   UARTCharPut
00000001   UARTStdioConfig
00000169   UARTgetc
000000a7   UARTgets
00000469   UARTprintf
0000019d   UARTvprintf
00000059   UARTwrite
20000200   __STACK_END
00000200   __STACK_SIZE
20000200   __STACK_TOP
00000e78   __TI_CINIT_Base
00000e80   __TI_CINIT_Limit
00000e70   __TI_Handler_Table_Base
00000e78   __TI_Handler_Table_Limit
00000001   __TI_args_main
00000a09   __TI_auto_init
00000d0b   __TI_decompress_none
00000d2f   __TI_decompress_rle24
00000000   __TI_static_base__
0000096d   __aeabi_memcpy
0000096d   __aeabi_memcpy4
0000096d   __aeabi_memcpy8
00000bd1   __aeabi_uidivmod
ffffffff   __binit__
ffffffff   __c_args__
20000000   __stack
00000ccd   _args_main
00000b45   _c_int00
20000208   _cleanup_ptr
2000020c   _dtors_ptr
20000200   _lock
00000cf3   _nop
00000ceb   _register_lock
00000ce5   _register_unlock
20000204   _unlock
00000c19   abort
ffffffff   binit
00000b8d   copy_in
00000c21   exit
000004c7   main
20000218   main_func_sp
0000096d   memcpy


GLOBAL SYMBOLS: SORTED BY Symbol Address 

address    name
--------   ----
00000000   __TI_static_base__
00000001   UARTStdioConfig
00000001   __TI_args_main
00000059   UARTwrite
000000a7   UARTgets
00000169   UARTgetc
0000019d   UARTvprintf
00000200   __STACK_SIZE
00000469   UARTprintf
0000049d   InitConsole
000004c7   main
00000635   GPIOPadConfigSet
00000765   SysCtlClockGet
0000087d   SysCtlClockSet
0000096d   __aeabi_memcpy
0000096d   __aeabi_memcpy4
0000096d   __aeabi_memcpy8
0000096d   memcpy
00000a09   __TI_auto_init
00000afd   GPIOPinConfigure
00000b45   _c_int00
00000b8d   copy_in
00000bd1   __aeabi_uidivmod
00000c15   C$$EXIT
00000c19   abort
00000c21   exit
00000c55   SysCtlPeripheralEnable
00000c89   GPIODirModeSet
00000cb3   GPIOPinTypeGPIOOutput
00000ccd   _args_main
00000ce5   _register_unlock
00000ceb   _register_lock
00000cf3   _nop
00000cf9   GPIOPinTypeUART
00000d0b   __TI_decompress_none
00000d19   UARTCharPut
00000d23   GPIOPinWrite
00000d29   SysCtlDelay
00000d2f   __TI_decompress_rle24
00000e70   __TI_Handler_Table_Base
00000e78   __TI_CINIT_Base
00000e78   __TI_Handler_Table_Limit
00000e80   __TI_CINIT_Limit
20000000   __stack
20000200   __STACK_END
20000200   __STACK_TOP
20000200   _lock
20000204   _unlock
20000208   _cleanup_ptr
2000020c   _dtors_ptr
20000218   main_func_sp
ffffffff   __binit__
ffffffff   __c_args__
ffffffff   binit
UNDEFED    SHT$$INIT_ARRAY$$Base
UNDEFED    SHT$$INIT_ARRAY$$Limit

[56 symbols]
